--------- beginning of /dev/log/system
D/Genyd   (   56): error connecting to baseband :(Connection refused) 4 retries left
D/local_opengl(  112): Starting local_opengl
I/Vold    (  109): Vold 2.1 (the revenge) firing up
D/Vold    (  109): Volume usb state changing -1 (Initializing) -> 0 (No-Media)
D/Genyd   (   56): Connected to genybaseband
I/Genyd   (   56): Genyd running
D/Genyd   (   56): Received Get Capabilities
D/        (   56): Socket deconnection
D/Genyd   (   56): Received Get GenymotionVersion
D/Genymotion(   56): Received Get GenymotionVersion
D/Genyd   (   56): Received Set Clipboard
D/Genymotion(   56): Received Set Clipboard
I/SystemServer(  290): Entered the Android system server!
I/SystemServer(  290): Entropy Mixer
I/SystemServer(  290): Power Manager
I/SystemServer(  290): Activity Manager
I/ActivityManager(  290): Memory class: 64
W/BatteryStatsImpl(  290): Couldn't get kernel wake lock stats
W/UsageStats(  290): Usage stats version changed; dropping
D/Sensors (  290): Client connection accepted (36)
I/genymotion_audio(  308): Starting pcm server
I/genymotion_audio(  308): out sampling rate 44100
I/ActivityManager(  290): Enabled StrictMode logging for AThread's Looper
I/SystemServer(  290): Telephony Registry
I/SystemServer(  290): Scheduling Policy
I/SystemServer(  290): Package Manager
W/PackageManager(  290): Boot class path not found: /system/framework/filterfw.jar
W/PackageParser(  290): No actions in intent filter at /system/app/Bluetooth.apk Binary XML file line #159
W/PackageParser(  290): No actions in intent filter at /system/app/CMFileManager.apk Binary XML file line #127
W/PackageParser(  290): No actions in intent filter at /system/app/Contacts.apk Binary XML file line #533
W/PackageManager(  290): Package com.android.camera desires unavailable shared library com.google.android.media.effects; ignoring!
I/Installer(  290): connecting...
W/PackageParser(  290): No actions in intent filter at /data/app/ApiDemos.apk Binary XML file line #2674
W/PackageParser(  290): No actions in intent filter at /data/app/ApiDemos.apk Binary XML file line #2680
W/PackageManager(  290): Package com.example.android.apis desires unavailable shared library com.example.will.never.exist; ignoring!
W/PackageParser(  290): Unknown element under <intent-filter>: intent-filter at /data/app/com.android.hackathon.application.edgar-1.apk Binary XML file line #53
I/PackageManager(  290): Time to scan packages: 0.463 seconds
W/PackageManager(  290): Unknown permission com.google.android.googleapps.permission.GOOGLE_AUTH.mail in package com.android.contacts
W/PackageManager(  290): Unknown permission android.permission.ADD_SYSTEM_SERVICE in package com.android.phone
W/PackageManager(  290): Unknown permission com.google.android.googleapps.permission.GOOGLE_AUTH in package com.android.providers.calendar
W/PackageManager(  290): Unknown permission com.google.android.googleapps.permission.GOOGLE_AUTH.cl in package com.android.providers.calendar
W/PackageManager(  290): Unknown permission com.google.android.googleapps.permission.GOOGLE_AUTH.mail in package com.android.calendar
W/PackageManager(  290): Not granting permission android.permission.SEND_DOWNLOAD_COMPLETED_INTENTS to package com.android.browser (protectionLevel=2 flags=0x9be45)
W/PackageManager(  290): Unknown permission com.cyanogenmod.filemanager.permissions.READ_THEME in package com.cyanogenmod.filemanager
W/PackageManager(  290): Unknown permission com.google.android.googleapps.permission.GOOGLE_AUTH in package com.android.settings
W/PackageManager(  290): Unknown permission com.google.android.googleapps.permission.GOOGLE_AUTH in package com.android.providers.contacts
W/PackageManager(  290): Unknown permission com.google.android.googleapps.permission.GOOGLE_AUTH.cp in package com.android.providers.contacts
W/PackageManager(  290): Unknown permission com.google.android.providers.gsf.permission.READ_GSERVICES in package com.android.hackathon.application.edgar
W/PackageManager(  290): Unknown permission com.mirrorlink.android.service.ACCESS_PERMISSION in package com.android.hackathon.application.edgar
W/PackageManager(  290): Unknown permission com.google.android.googleapps.permission.ACCESS_GOOGLE_PASSWORD in package com.android.development
W/PackageManager(  290): Unknown permission com.google.android.googleapps.permission.GOOGLE_AUTH in package com.android.development
W/PackageManager(  290): Unknown permission com.google.android.googleapps.permission.GOOGLE_AUTH.ALL_SERVICES in package com.android.development
W/PackageManager(  290): Unknown permission com.google.android.googleapps.permission.GOOGLE_AUTH.YouTubeUser in package com.android.development
W/PackageManager(  290): Not granting permission android.permission.DEVICE_POWER to package com.android.deskclock (protectionLevel=2 flags=0x8be45)
I/SystemServer(  290): Account Manager
I/SystemServer(  290): Content Manager
I/SystemServer(  290): System Content Providers
I/SystemServer(  290): Lights Service
I/SystemServer(  290): Battery Service
W/BatteryStatsImpl(  290): Couldn't get kernel wake lock stats
I/SystemServer(  290): Vibrator Service
I/SystemServer(  290): Alarm Manager
I/SystemServer(  290): Init Watchdog
I/SystemServer(  290): Window Manager
I/InputManager(  290): Initializing input manager
W/StatusBarManager(  290): warning: no STATUS_BAR_SERVICE
I/InputManager(  290): Starting input manager
I/WindowManager(  290): Enabled StrictMode logging for WMThread's Looper
I/SystemServer(  290): Bluetooth Service
I/WindowManager(  290): Enabled StrictMode for PolicyThread's Looper
I/SystemServer(  290): Input Method Service
W/InputMethodManagerService(  290): Couldn't create dir.: /data/system/inputmethod
I/SystemServer(  290): Accessibility Manager
I/ActivityManager(  290): Config changed: {1.0 0mcc0mnc en_US sw320dp w320dp h508dp nrml long port ?uimode ?night -touch -keyb/v/h -nav/h s.2}
I/SystemServer(  290): Mount Service
D/MountService(  290): got storage path: /mnt/sdcard description: Internal storage primary: true removable: false emulated: true mtpReserve: 100 allowMassStorage: false maxFileSize: 0
D/MountService(  290): using emulated external storage
I/SystemServer(  290): LockSettingsService
I/SystemServer(  290): Device Policy
I/SystemServer(  290): Status Bar
I/SystemServer(  290): Clipboard Service
I/SystemServer(  290): NetworkManagement Service
I/SystemServer(  290): Text Service Manager Service
I/SystemServer(  290): NetworkStats Service
D/VoldCmdListener(  109): volume list
D/MountService(  290): volume state changed for /mnt/USB (null -> removed)
D/VoldCmdListener(  109): asec list
I/SystemServer(  290): NetworkPolicy Service
W/PackageManager(  290): Unknown permission com.google.android.googleapps.permission.GOOGLE_AUTH.mail in package com.android.contacts
W/PackageManager(  290): Unknown permission android.permission.ADD_SYSTEM_SERVICE in package com.android.phone
W/PackageManager(  290): Unknown permission com.google.android.googleapps.permission.GOOGLE_AUTH in package com.android.providers.calendar
W/PackageManager(  290): Unknown permission com.google.android.googleapps.permission.GOOGLE_AUTH.cl in package com.android.providers.calendar
W/PackageManager(  290): Unknown permission com.google.android.googleapps.permission.GOOGLE_AUTH.mail in package com.android.calendar
W/PackageManager(  290): Not granting permission android.permission.SEND_DOWNLOAD_COMPLETED_INTENTS to package com.android.browser (protectionLevel=2 flags=0x9be45)
W/PackageManager(  290): Unknown permission com.cyanogenmod.filemanager.permissions.READ_THEME in package com.cyanogenmod.filemanager
W/PackageManager(  290): Unknown permission com.google.android.googleapps.permission.GOOGLE_AUTH in package com.android.settings
W/PackageManager(  290): Unknown permission com.google.android.googleapps.permission.GOOGLE_AUTH in package com.android.providers.contacts
W/PackageManager(  290): Unknown permission com.google.android.googleapps.permission.GOOGLE_AUTH.cp in package com.android.providers.contacts
W/PackageManager(  290): Unknown permission com.google.android.providers.gsf.permission.READ_GSERVICES in package com.android.hackathon.application.edgar
W/PackageManager(  290): Unknown permission com.mirrorlink.android.service.ACCESS_PERMISSION in package com.android.hackathon.application.edgar
W/PackageManager(  290): Unknown permission com.google.android.googleapps.permission.ACCESS_GOOGLE_PASSWORD in package com.android.development
W/PackageManager(  290): Unknown permission com.google.android.googleapps.permission.GOOGLE_AUTH in package com.android.development
W/PackageManager(  290): Unknown permission com.google.android.googleapps.permission.GOOGLE_AUTH.ALL_SERVICES in package com.android.development
W/PackageManager(  290): Unknown permission com.google.android.googleapps.permission.GOOGLE_AUTH.YouTubeUser in package com.android.development
W/PackageManager(  290): Not granting permission android.permission.DEVICE_POWER to package com.android.deskclock (protectionLevel=2 flags=0x8be45)
I/SystemServer(  290): Wi-Fi P2pService
I/SystemServer(  290): Wi-Fi Service
I/SystemServer(  290): Connectivity Service
D/ConnectivityService(  290): ConnectivityService starting up
I/ActivityManager(  290): Config changed: {1.0 0mcc0mnc en_US sw320dp w320dp h508dp nrml long port ?uimode ?night finger qwerty/v/v dpad/v s.3}
E/MobileDataStateTracker(  290): default: Ignoring feature request because could not acquire PhoneService
E/MobileDataStateTracker(  290): default: Could not enable APN type "default"
I/WifiService(  290): WifiService starting up with Wi-Fi enabled
D/WifiService(  290): setWifiEnabled: true pid=290, uid=1000
I/SystemServer(  290): Network Service Discovery Service
D/NsdService(  290): Network service discovery enabled true
I/SystemServer(  290): Throttle Service
I/SystemServer(  290): UpdateLock Service
I/SystemServer(  290): Notification Manager
I/SystemServer(  290): Device Storage Monitor
I/SystemServer(  290): Location Manager
I/SystemServer(  290): Country Detector
I/SystemServer(  290): Search Service
I/SystemServer(  290): DropBox Service
I/SystemServer(  290): Wallpaper Service
I/SystemServer(  290): Audio Service
I/SystemServer(  290): Dock Observer
W/DockObserver(  290): This kernel does not have dock station support
I/SystemServer(  290): Wired Accessory Observer
W/WiredAccessoryObserver(  290): This kernel does not have wired headset support
W/WiredAccessoryObserver(  290): This kernel does not have usb audio support
W/WiredAccessoryObserver(  290): This kernel does not have HDMI audio support
I/SystemServer(  290): USB Service
I/SystemServer(  290): Serial Service
I/SystemServer(  290): UI Mode Manager Service
I/SystemServer(  290): Backup Service
V/BackupManagerService(  290): Initializing package tracking
V/BackupManagerService(  290): No ancestral data
V/BackupManagerService(  290): addPackageParticipantsLocked: all
I/BackupManagerService(  290): New app android never backed up; scheduling
D/BackupManagerService(  290): Now staging backup of android
I/BackupManagerService(  290): New app com.android.browser never backed up; scheduling
D/BackupManagerService(  290): Now staging backup of com.android.browser
I/BackupManagerService(  290): New app com.android.calendar never backed up; scheduling
D/BackupManagerService(  290): Now staging backup of com.android.calendar
I/BackupManagerService(  290): New app com.android.inputmethod.latin never backed up; scheduling
D/BackupManagerService(  290): Now staging backup of com.android.inputmethod.latin
I/BackupManagerService(  290): New app com.android.providers.settings never backed up; scheduling
D/BackupManagerService(  290): Now staging backup of com.android.providers.settings
I/BackupManagerService(  290): New app com.android.providers.userdictionary never backed up; scheduling
D/BackupManagerService(  290): Now staging backup of com.android.providers.userdictionary
I/BackupManagerService(  290): New app com.android.sharedstoragebackup never backed up; scheduling
D/BackupManagerService(  290): Now staging backup of com.android.sharedstoragebackup
V/BackupManagerService(  290): Registering transport android/com.android.internal.backup.LocalTransport = com.android.internal.backup.LocalTransport@536317a8
V/BackupManagerService(  290): Starting with transport android/com.android.internal.backup.LocalTransport
V/BackupManagerService(  290): Google transport not present
I/BackupManagerService(  290): Found stale backup journal, scheduling
I/BackupManagerService(  290):   android
I/BackupManagerService(  290):   com.android.browser
I/BackupManagerService(  290):   com.android.calendar
I/BackupManagerService(  290):   com.android.inputmethod.latin
I/BackupManagerService(  290):   com.android.providers.settings
I/BackupManagerService(  290):   com.android.providers.userdictionary
I/BackupManagerService(  290):   com.android.sharedstoragebackup
I/BackupManagerService(  290): Backup enabled => false
I/BackupManagerService(  290): Opting out of backup
I/SystemServer(  290): AppWidget Service
I/SystemServer(  290): Recognition Service
I/SystemServer(  290): DiskStats Service
I/SystemServer(  290): SamplingProfiler Service
I/SystemServer(  290): NetworkTimeUpdateService
I/SystemServer(  290): CommonTimeManagementService
I/SystemServer(  290): CertBlacklister
I/SystemServer(  290): Genyd Service
I/ClipboardService(  290): Got clipboard for user=0
D/PowerManagerService(  290): system ready!
I/ActivityManager(  290): System now ready
I/SystemServer(  290): Making services ready
D/SystemServer(  290): Starting service: Intent { cmp=com.android.systemui/.SystemUIService }
I/ActivityManager(  290): Start proc com.android.systemui for service com.android.systemui/.SystemUIService: pid=387 uid=10040 gids={1028, 1015, 3002, 3001}
D/NetworkManagementService(  290): enabling bandwidth control
D/SystemUIService(  387): loading: class com.android.systemui.statusbar.phone.PhoneStatusBar
D/SystemUIService(  387): running: com.android.systemui.statusbar.phone.PhoneStatusBar@53568098
I/StatusBarManagerService(  290): registerStatusBar bar=com.android.internal.statusbar.IStatusBar$Stub$Proxy@5366afe4
D/PhoneStatusBar(  387): disable: < expand icons alerts ticker system_info back home recent clock >
D/StorageNotification(  387): Startup with UMS connection false (media state mounted)
D/SystemUIService(  387): loading: class com.android.systemui.power.PowerUI
D/SystemUIService(  387): running: com.android.systemui.power.PowerUI@53594030
D/SystemUIService(  387): loading: class com.android.systemui.media.RingtonePlayer
D/SystemUIService(  387): running: com.android.systemui.media.RingtonePlayer@53594710
I/StorageNotification(  387): UMS connection changed to false (media state mounted)
I/ActivityManager(  290): Config changed: {1.0 0mcc0mnc en_US sw320dp w320dp h508dp nrml long port finger qwerty/v/v dpad/v s.4}
W/RecognitionManagerService(  290): no available voice recognition services found
D/WifiService(  290): New client listening to asynchronous messages
W/InputMethodManagerService(  290): Ignoring setImeWindowStatus of uid 1000 token: null
W/InputMethodManagerService(  290): Found no subtypes in a system IME: com.android.inputmethod.pinyin
I/ActivityManager(  290): Start proc com.android.inputmethod.latin for service com.android.inputmethod.latin/.LatinIME: pid=436 uid=10020 gids={1028}
W/ThrottleService(  290): unable to find stats for iface rmnet0
W/SocketClient(  116): write error (Broken pipe)
I/ActivityManager(  290): Start proc com.android.phone for added application com.android.phone: pid=450 uid=1001 gids={3002, 3001, 3003, 1015, 1028}
I/ActivityManager(  290): START {act=android.intent.action.MAIN cat=[android.intent.category.HOME] flg=0x10000000 cmp=com.android.launcher/com.android.launcher2.Launcher u=0} from pid 0
I/ActivityManager(  290): Start proc com.android.launcher for activity com.android.launcher/com.android.launcher2.Launcher: pid=477 uid=10021 gids={1028}
I/SystemServer(  290): Enabled StrictMode for system server main thread.
I/LocationManagerService(  290): request passive (pid 290) 0 0
I/ActivityManager(  290): Start proc com.android.settings for broadcast com.android.settings/.widget.SettingsAppWidgetProvider: pid=486 uid=1000 gids={1015, 3002, 3001, 3003, 1028}
E/ActivityThread(  436): Failed to find provider info for com.android.inputmethod.latin.dictionarypack
W/InputMethodManagerService(  290): Found no subtypes in a system IME: com.android.inputmethod.pinyin
I/ActivityManager(  290): Start proc com.android.smspush for service com.android.smspush/.WapPushManager: pid=515 uid=10045 gids={1028}
I/ActivityManager(  290): Start proc android.process.acore for content provider com.android.providers.userdictionary/.UserDictionaryProvider: pid=528 uid=10000 gids={3003, 1015, 1028}
W/ActivityManager(  290): Unable to start service Intent { act=com.android.ussd.IExtendedNetworkService }: not found
I/WifiService(  290): WifiService trying to set country code to us with persist set to true
I/ActivityManager(  290): Config changed: {1.0 310mcc260mnc en_US sw320dp w320dp h508dp nrml long port finger qwerty/v/v dpad/v s.5}
I/ActivityManager(  290): Start proc com.android.deskclock for broadcast com.android.deskclock/com.android.alarmclock.AnalogAppWidgetProvider: pid=603 uid=10012 gids={1028}
D/ConnectivityService(  290): ConnectivityChange for mobile: CONNECTED/CONNECTED
W/SocketClient(  116): write error (Broken pipe)
W/ActivityManager(  290): Permission denied: checkComponentPermission() owningUid=1000
W/BroadcastQueue(  290): Permission Denial: broadcasting Intent { act=android.appwidget.action.APPWIDGET_UPDATE_OPTIONS flg=0x10 cmp=com.android.settings/.widget.SettingsAppWidgetProvider (has extras) } from android (pid=477, uid=10021) is not exported from uid 1000 due to receiver com.android.settings/com.android.settings.widget.SettingsAppWidgetProvider
D/PowerManagerService(  290): bootCompleted
V/DevicePolicyManagerService(  290): Sending password expiration notifications for action android.intent.action.BOOT_COMPLETED
W/MountService(  290): Duplicate state transition (mounted -> mounted) for /mnt/sdcard
D/MountService(  290): sendStorageIntent Intent { act=android.intent.action.MEDIA_MOUNTED dat=file:///mnt/sdcard (has extras) }
I/ActivityManager(  290): Start proc com.android.contacts for broadcast com.android.contacts/.calllog.CallLogReceiver: pid=658 uid=10000 gids={3003, 1015, 1028}
V/WiredAccessoryObserver(  290): init()
I/ActivityManager(  290): Start proc com.android.providers.calendar for broadcast com.android.providers.calendar/.CalendarReceiver: pid=689 uid=10007 gids={3003, 1015, 1028}
I/ActivityManager(  290): Start proc android.process.media for content provider com.android.providers.downloads/.DownloadProvider: pid=701 uid=10014 gids={1015, 1023, 1024, 1028, 1006, 2001, 3003, 3007}
I/ActivityManager(  290): Start proc com.android.email for broadcast com.android.email/.service.EmailBroadcastReceiver: pid=735 uid=10015 gids={3003, 1015, 1028}
I/ActivityManager(  290): Start proc com.android.exchange for service com.android.exchange/.ExchangeService: pid=752 uid=10016 gids={3003, 1015, 1028}
I/ActivityManager(  290): Start proc com.android.mms for broadcast com.android.mms/.transaction.MmsSystemEventReceiver: pid=768 uid=10026 gids={3003, 1015, 1028}
D/CountryDetector(  290): The first listener is added
I/ActivityManager(  290): Start proc com.android.voicedialer for broadcast com.android.voicedialer/.VoiceDialerReceiver: pid=801 uid=10043 gids={3002, 1028}
D/ConnectivityService(  290): ConnectivityChange for WIFI: CONNECTED/CONNECTED
D/ConnectivityService(  290): Policy requires mobile teardown
D/ConnectivityService(  290): ConnectivityChange for WIFI: CONNECTED/CONNECTED
D/ConnectivityService(  290): handleConnectivityChange: address are the same reset per doReset linkProperty[1]: resetMask=0
D/ConnectivityService(  290): ConnectivityChange for mobile: DISCONNECTED/DISCONNECTED
D/ConnectivityService(  290): Attempting to switch to WIFI
I/ActivityManager(  290): Start proc com.android.calendar for broadcast com.android.calendar/.alerts.AlertReceiver: pid=850 uid=10006 gids={3003, 1028}
W/genymotion_audio(  308): out_write() limiting sleep time 116462 to 39909
W/genymotion_audio(  308): out_write() limiting sleep time 89977 to 39909
W/genymotion_audio(  308): out_write() limiting sleep time 63492 to 39909
W/genymotion_audio(  308): out_write() limiting sleep time 48616 to 39909
W/genymotion_audio(  308): out_write() limiting sleep time 116462 to 39909
W/genymotion_audio(  308): out_write() limiting sleep time 89977 to 39909
W/genymotion_audio(  308): out_write() limiting sleep time 63492 to 39909
W/genymotion_audio(  308): out_write() limiting sleep time 50792 to 39909
I/ActivityManager(  290): START {act=android.intent.action.MAIN cat=[android.intent.category.LAUNCHER] flg=0x10200000 cmp=esgi.fouriam/.MainActivity u=0} from pid 477
I/ActivityManager(  290): Start proc esgi.fouriam for activity esgi.fouriam/.MainActivity: pid=885 uid=10055 gids={1015, 1028}
I/ActivityManager(  290): START {cmp=esgi.fouriam/.SDLActivity u=0} from pid 885
I/WindowManager(  290): WINDOW DIED Window{5366481c esgi.fouriam/esgi.fouriam.MainActivity paused=false}
I/ActivityManager(  290): Process esgi.fouriam (pid 885) has died.
W/ActivityManager(  290): Force removing ActivityRecord{5368f438 esgi.fouriam/.SDLActivity}: app died, no saved state
I/WindowManager(  290): WINDOW DIED Window{5366b2f4 esgi.fouriam/esgi.fouriam.SDLActivity paused=false}
W/WindowManager(  290): Force-removing child win Window{53691c54 SurfaceView paused=false} from container Window{5366b2f4 esgi.fouriam/esgi.fouriam.SDLActivity paused=false}
W/WindowManager(  290): Failed looking up window
W/WindowManager(  290): java.lang.IllegalArgumentException: Requested window android.os.BinderProxy@53688260 does not exist
W/WindowManager(  290): 	at com.android.server.wm.WindowManagerService.windowForClientLocked(WindowManagerService.java:7640)
W/WindowManager(  290): 	at com.android.server.wm.WindowManagerService.windowForClientLocked(WindowManagerService.java:7631)
W/WindowManager(  290): 	at com.android.server.wm.WindowState$DeathRecipient.binderDied(WindowState.java:854)
W/WindowManager(  290): 	at android.os.BinderProxy.sendDeathNotice(Binder.java:449)
W/WindowManager(  290): 	at com.android.server.SystemServer.init1(Native Method)
W/WindowManager(  290): 	at com.android.server.SystemServer.main(SystemServer.java:949)
W/WindowManager(  290): 	at java.lang.reflect.Method.invokeNative(Native Method)
W/WindowManager(  290): 	at java.lang.reflect.Method.invoke(Method.java:511)
W/WindowManager(  290): 	at com.android.internal.os.ZygoteInit$MethodAndArgsCaller.run(ZygoteInit.java:786)
W/WindowManager(  290): 	at com.android.internal.os.ZygoteInit.main(ZygoteInit.java:553)
W/WindowManager(  290): 	at dalvik.system.NativeStart.main(Native Method)
I/WindowState(  290): WIN DEATH: null
W/WindowManager(  290): Failed looking up window
W/WindowManager(  290): java.lang.IllegalArgumentException: Requested window android.os.BinderProxy@5367cc60 does not exist
W/WindowManager(  290): 	at com.android.server.wm.WindowManagerService.windowForClientLocked(WindowManagerService.java:7640)
W/WindowManager(  290): 	at com.android.server.wm.WindowManagerService.windowForClientLocked(WindowManagerService.java:7631)
W/WindowManager(  290): 	at com.android.server.wm.WindowState$DeathRecipient.binderDied(WindowState.java:854)
W/WindowManager(  290): 	at android.os.BinderProxy.sendDeathNotice(Binder.java:449)
W/WindowManager(  290): 	at dalvik.system.NativeStart.run(Native Method)
I/WindowState(  290): WIN DEATH: null
I/ActivityManager(  290): Start proc esgi.fouriam for activity esgi.fouriam/.MainActivity: pid=905 uid=10055 gids={1015, 1028}
W/InputMethodManagerService(  290): Got RemoteException sending setActive(false) notification to pid 885 uid 10055
I/ActivityManager(  290): Start proc com.android.defcontainer for service com.android.defcontainer/.DefaultContainerService: pid=930 uid=10011 gids={1015, 2001, 1028}
W/ActivityManager(  290): No content provider found for permission revoke: file:///data/local/tmp/spaceWar-debug.apk
W/ActivityManager(  290): No content provider found for permission revoke: file:///data/local/tmp/spaceWar-debug.apk
I/ActivityManager(  290): Force stopping package esgi.fouriam uid=10055
I/ActivityManager(  290): Killing proc 905:esgi.fouriam/u0a55: force stop
W/ActivityManager(  290): Force removing ActivityRecord{53649898 esgi.fouriam/.MainActivity}: app died, no saved state
I/WindowState(  290): WIN DEATH: Window{536c73f8 esgi.fouriam/esgi.fouriam.MainActivity paused=false}
I/PackageManager(  290): Package esgi.fouriam codePath changed from /data/app/esgi.fouriam-1.apk to /data/app/esgi.fouriam-2.apk; Retaining data and using new
W/InputMethodManagerService(  290): Got RemoteException sending setActive(false) notification to pid 905 uid 10055
W/PackageManager(  290): Code path for pkg : esgi.fouriam changing from /data/app/esgi.fouriam-1.apk to /data/app/esgi.fouriam-2.apk
W/PackageManager(  290): Resource path for pkg : esgi.fouriam changing from /data/app/esgi.fouriam-1.apk to /data/app/esgi.fouriam-2.apk
I/ActivityManager(  290): Force stopping package esgi.fouriam uid=10055
I/ActivityManager(  290): Force stopping package esgi.fouriam uid=10055
I/ActivityManager(  290): Start proc com.android.keychain for broadcast com.android.keychain/.KeyChainBroadcastReceiver: pid=946 uid=1000 gids={1015, 3002, 3001, 3003, 1028}
D/BackupManagerService(  290): Received broadcast Intent { act=android.intent.action.PACKAGE_REMOVED dat=package:esgi.fouriam flg=0x8000010 (has extras) }
D/BackupManagerService(  290): Received broadcast Intent { act=android.intent.action.PACKAGE_ADDED dat=package:esgi.fouriam flg=0x8000010 (has extras) }
V/BackupManagerService(  290): removePackageParticipantsLocked: uid=10055 #1
V/BackupManagerService(  290): addPackageParticipantsLocked: #1
W/InputMethodManagerService(  290): Found no subtypes in a system IME: com.android.inputmethod.pinyin
W/RecognitionManagerService(  290): no available voice recognition services found
I/ActivityManager(  290): Start proc com.android.musicfx for broadcast com.android.musicfx/.Compatibility$Receiver: pid=964 uid=10028 gids={3003, 3002, 1028}
I/ActivityManager(  290): Start proc com.noshufou.android.su for broadcast com.noshufou.android.su/.UninstallReceiver: pid=980 uid=10039 gids={3003, 1015, 1028}
I/ActivityManager(  290): Start proc com.svox.pico for broadcast com.svox.pico/.VoiceDataInstallerReceiver: pid=994 uid=10033 gids={1015, 1028}
I/ActivityManager(  290): Start proc com.android.quicksearchbox for broadcast com.android.quicksearchbox/.CorporaUpdateReceiver: pid=1007 uid=10036 gids={3003, 1028}
I/ActivityManager(  290): No longer want com.android.contacts (pid 658): hidden #16
I/ActivityManager(  290): No longer want com.android.exchange (pid 752): hidden #16
W/ThrottleService(  290): unable to find stats for iface rmnet0
I/ActivityManager(  290): START {act=android.intent.action.MAIN cat=[android.intent.category.LAUNCHER] flg=0x10200000 cmp=esgi.fouriam/.MainActivity u=0} from pid 477
W/genymotion_audio(  308): out_write() limiting sleep time 116462 to 39909
I/ActivityManager(  290): Start proc esgi.fouriam for activity esgi.fouriam/.MainActivity: pid=1029 uid=10055 gids={1015, 1028}
W/genymotion_audio(  308): out_write() limiting sleep time 113197 to 39909
W/genymotion_audio(  308): out_write() limiting sleep time 98321 to 39909
W/genymotion_audio(  308): out_write() limiting sleep time 71836 to 39909
W/genymotion_audio(  308): out_write() limiting sleep time 56961 to 39909
W/genymotion_audio(  308): out_write() limiting sleep time 49342 to 39909
I/ActivityManager(  290): START {cmp=esgi.fouriam/.SDLActivity u=0} from pid 1029
W/genymotion_audio(  308): out_write() limiting sleep time 116462 to 39909
W/genymotion_audio(  308): out_write() limiting sleep time 78367 to 39909
W/genymotion_audio(  308): out_write() limiting sleep time 63492 to 39909
W/genymotion_audio(  308): out_write() limiting sleep time 48616 to 39909
I/WindowManager(  290): WINDOW DIED Window{5366481c esgi.fouriam/esgi.fouriam.MainActivity paused=false}
I/ActivityManager(  290): Process esgi.fouriam (pid 1029) has died.
W/ActivityManager(  290): Force removing ActivityRecord{53616978 esgi.fouriam/.SDLActivity}: app died, no saved state
I/WindowManager(  290): WINDOW DIED Window{5366ec44 esgi.fouriam/esgi.fouriam.SDLActivity paused=false}
W/WindowManager(  290): Force-removing child win Window{53687700 SurfaceView paused=false} from container Window{5366ec44 esgi.fouriam/esgi.fouriam.SDLActivity paused=false}
W/WindowManager(  290): Failed looking up window
W/WindowManager(  290): java.lang.IllegalArgumentException: Requested window android.os.BinderProxy@536a8bf4 does not exist
W/WindowManager(  290): 	at com.android.server.wm.WindowManagerService.windowForClientLocked(WindowManagerService.java:7640)
W/WindowManager(  290): 	at com.android.server.wm.WindowManagerService.windowForClientLocked(WindowManagerService.java:7631)
W/WindowManager(  290): 	at com.android.server.wm.WindowState$DeathRecipient.binderDied(WindowState.java:854)
W/WindowManager(  290): 	at android.os.BinderProxy.sendDeathNotice(Binder.java:449)
W/WindowManager(  290): 	at dalvik.system.NativeStart.run(Native Method)
I/WindowState(  290): WIN DEATH: null
W/WindowManager(  290): Failed looking up window
W/WindowManager(  290): java.lang.IllegalArgumentException: Requested window android.os.BinderProxy@5367f200 does not exist
W/WindowManager(  290): 	at com.android.server.wm.WindowManagerService.windowForClientLocked(WindowManagerService.java:7640)
W/WindowManager(  290): 	at com.android.server.wm.WindowManagerService.windowForClientLocked(WindowManagerService.java:7631)
W/WindowManager(  290): 	at com.android.server.wm.WindowState$DeathRecipient.binderDied(WindowState.java:854)
W/WindowManager(  290): 	at android.os.BinderProxy.sendDeathNotice(Binder.java:449)
W/WindowManager(  290): 	at dalvik.system.NativeStart.run(Native Method)
I/WindowState(  290): WIN DEATH: null
I/ActivityManager(  290): Start proc esgi.fouriam for activity esgi.fouriam/.MainActivity: pid=1050 uid=10055 gids={1015, 1028}
W/InputMethodManagerService(  290): Got RemoteException sending setActive(false) notification to pid 1029 uid 10055
I/ActivityManager(  290): START {cmp=esgi.fouriam/.SDLActivity u=0} from pid 1050
W/genymotion_audio(  308): out_write() limiting sleep time 116462 to 39909
W/genymotion_audio(  308): out_write() limiting sleep time 89977 to 39909
W/genymotion_audio(  308): out_write() limiting sleep time 63492 to 39909
W/genymotion_audio(  308): out_write() limiting sleep time 50792 to 39909
I/WindowState(  290): WIN DEATH: Window{5368f234 SurfaceView paused=false}
I/ActivityManager(  290): Process esgi.fouriam (pid 1050) has died.
W/ActivityManager(  290): Force removing ActivityRecord{536884c4 esgi.fouriam/.SDLActivity}: app died, no saved state
I/WindowState(  290): WIN DEATH: Window{53673cbc esgi.fouriam/esgi.fouriam.MainActivity paused=false}
I/WindowState(  290): WIN DEATH: Window{536f669c esgi.fouriam/esgi.fouriam.SDLActivity paused=false}
I/ActivityManager(  290): Start proc esgi.fouriam for activity esgi.fouriam/.MainActivity: pid=1070 uid=10055 gids={1015, 1028}
W/InputMethodManagerService(  290): Got RemoteException sending setActive(false) notification to pid 1050 uid 10055
I/ActivityManager(  290): START {cmp=esgi.fouriam/.SDLActivity u=0} from pid 1070
W/genymotion_audio(  308): out_write() limiting sleep time 116462 to 39909
W/genymotion_audio(  308): out_write() limiting sleep time 78367 to 39909
W/genymotion_audio(  308): out_write() limiting sleep time 63492 to 39909
W/genymotion_audio(  308): out_write() limiting sleep time 48616 to 39909
W/ActivityManager(  290): No content provider found for permission revoke: file:///data/local/tmp/spaceWar-debug.apk
W/ActivityManager(  290): No content provider found for permission revoke: file:///data/local/tmp/spaceWar-debug.apk
I/ActivityManager(  290): Force stopping package esgi.fouriam uid=10055
I/ActivityManager(  290): Killing proc 1070:esgi.fouriam/u0a55: force stop
W/ActivityManager(  290): Force removing ActivityRecord{53616978 esgi.fouriam/.SDLActivity}: app died, no saved state
I/ActivityManager(  290):   Force finishing activity ActivityRecord{536f6150 esgi.fouriam/.MainActivity}
I/WindowState(  290): WIN DEATH: Window{536926e8 esgi.fouriam/esgi.fouriam.SDLActivity paused=false}
W/WindowManager(  290): Force-removing child win Window{5369ddf4 SurfaceView paused=false} from container Window{536926e8 esgi.fouriam/esgi.fouriam.SDLActivity paused=false}
I/WindowState(  290): WIN DEATH: Window{5366b2f4 esgi.fouriam/esgi.fouriam.MainActivity paused=true}
W/WindowManager(  290): Failed looking up window
W/WindowManager(  290): java.lang.IllegalArgumentException: Requested window android.os.BinderProxy@5366e410 does not exist
W/WindowManager(  290): 	at com.android.server.wm.WindowManagerService.windowForClientLocked(WindowManagerService.java:7640)
W/WindowManager(  290): 	at com.android.server.wm.WindowManagerService.windowForClientLocked(WindowManagerService.java:7631)
W/WindowManager(  290): 	at com.android.server.wm.WindowState$DeathRecipient.binderDied(WindowState.java:854)
W/WindowManager(  290): 	at android.os.BinderProxy.sendDeathNotice(Binder.java:449)
W/WindowManager(  290): 	at dalvik.system.NativeStart.run(Native Method)
I/WindowState(  290): WIN DEATH: null
I/PackageManager(  290): Package esgi.fouriam codePath changed from /data/app/esgi.fouriam-2.apk to /data/app/esgi.fouriam-1.apk; Retaining data and using new
W/InputMethodManagerService(  290): Got RemoteException sending setActive(false) notification to pid 1070 uid 10055
W/PackageManager(  290): Code path for pkg : esgi.fouriam changing from /data/app/esgi.fouriam-2.apk to /data/app/esgi.fouriam-1.apk
W/PackageManager(  290): Resource path for pkg : esgi.fouriam changing from /data/app/esgi.fouriam-2.apk to /data/app/esgi.fouriam-1.apk
I/ActivityManager(  290): Force stopping package esgi.fouriam uid=10055
I/ActivityManager(  290): Force stopping package esgi.fouriam uid=10055
D/BackupManagerService(  290): Received broadcast Intent { act=android.intent.action.PACKAGE_REMOVED dat=package:esgi.fouriam flg=0x8000010 (has extras) }
D/BackupManagerService(  290): Received broadcast Intent { act=android.intent.action.PACKAGE_ADDED dat=package:esgi.fouriam flg=0x8000010 (has extras) }
V/BackupManagerService(  290): removePackageParticipantsLocked: uid=10055 #1
V/BackupManagerService(  290): addPackageParticipantsLocked: #1
W/InputMethodManagerService(  290): Found no subtypes in a system IME: com.android.inputmethod.pinyin
W/RecognitionManagerService(  290): no available voice recognition services found
I/ActivityManager(  290): START {act=android.intent.action.MAIN cat=[android.intent.category.LAUNCHER] flg=0x10200000 cmp=esgi.fouriam/.MainActivity u=0} from pid 477
W/genymotion_audio(  308): out_write() limiting sleep time 116462 to 39909
I/ActivityManager(  290): Start proc esgi.fouriam for activity esgi.fouriam/.MainActivity: pid=1117 uid=10055 gids={1015, 1028}
W/genymotion_audio(  308): out_write() limiting sleep time 113197 to 39909
W/genymotion_audio(  308): out_write() limiting sleep time 98321 to 39909
W/genymotion_audio(  308): out_write() limiting sleep time 83446 to 39909
W/genymotion_audio(  308): out_write() limiting sleep time 56961 to 39909
W/genymotion_audio(  308): out_write() limiting sleep time 49342 to 39909
I/ActivityManager(  290): START {cmp=esgi.fouriam/.SDLActivity u=0} from pid 1117
W/genymotion_audio(  308): out_write() limiting sleep time 116462 to 39909
W/genymotion_audio(  308): out_write() limiting sleep time 89977 to 39909
W/genymotion_audio(  308): out_write() limiting sleep time 63492 to 39909
W/genymotion_audio(  308): out_write() limiting sleep time 48616 to 39909
I/ActivityManager(  290): Process esgi.fouriam (pid 1117) has died.
W/ActivityManager(  290): Force removing ActivityRecord{536c6250 esgi.fouriam/.SDLActivity}: app died, no saved state
I/WindowState(  290): WIN DEATH: Window{53686f14 esgi.fouriam/esgi.fouriam.MainActivity paused=false}
I/WindowState(  290): WIN DEATH: Window{53692d3c esgi.fouriam/esgi.fouriam.SDLActivity paused=false}
W/WindowManager(  290): Force-removing child win Window{536a1c78 SurfaceView paused=false} from container Window{53692d3c esgi.fouriam/esgi.fouriam.SDLActivity paused=false}
W/WindowManager(  290): Failed looking up window
W/WindowManager(  290): java.lang.IllegalArgumentException: Requested window android.os.BinderProxy@536397e8 does not exist
W/WindowManager(  290): 	at com.android.server.wm.WindowManagerService.windowForClientLocked(WindowManagerService.java:7640)
W/WindowManager(  290): 	at com.android.server.wm.WindowManagerService.windowForClientLocked(WindowManagerService.java:7631)
W/WindowManager(  290): 	at com.android.server.wm.WindowState$DeathRecipient.binderDied(WindowState.java:854)
W/WindowManager(  290): 	at android.os.BinderProxy.sendDeathNotice(Binder.java:449)
W/WindowManager(  290): 	at dalvik.system.NativeStart.run(Native Method)
I/WindowState(  290): WIN DEATH: null
I/ActivityManager(  290): Start proc esgi.fouriam for activity esgi.fouriam/.MainActivity: pid=1140 uid=10055 gids={1015, 1028}
W/InputMethodManagerService(  290): Got RemoteException sending setActive(false) notification to pid 1117 uid 10055
W/ActivityManager(  290): No content provider found for permission revoke: file:///data/local/tmp/spaceWar-debug.apk
W/ActivityManager(  290): No content provider found for permission revoke: file:///data/local/tmp/spaceWar-debug.apk
I/ActivityManager(  290): Force stopping package esgi.fouriam uid=10055
I/ActivityManager(  290): Killing proc 1140:esgi.fouriam/u0a55: force stop
W/ActivityManager(  290): Force removing ActivityRecord{536addf0 esgi.fouriam/.MainActivity}: app died, no saved state
I/WindowState(  290): WIN DEATH: Window{536a3fb4 esgi.fouriam/esgi.fouriam.MainActivity paused=false}
I/WindowManager(  290): WINDOW DIED Window{536a3fb4 esgi.fouriam/esgi.fouriam.MainActivity paused=false}
I/PackageManager(  290): Package esgi.fouriam codePath changed from /data/app/esgi.fouriam-1.apk to /data/app/esgi.fouriam-2.apk; Retaining data and using new
W/InputMethodManagerService(  290): Got RemoteException sending setActive(false) notification to pid 1140 uid 10055
W/PackageManager(  290): Code path for pkg : esgi.fouriam changing from /data/app/esgi.fouriam-1.apk to /data/app/esgi.fouriam-2.apk
W/PackageManager(  290): Resource path for pkg : esgi.fouriam changing from /data/app/esgi.fouriam-1.apk to /data/app/esgi.fouriam-2.apk
I/ActivityManager(  290): Force stopping package esgi.fouriam uid=10055
I/ActivityManager(  290): Force stopping package esgi.fouriam uid=10055
D/BackupManagerService(  290): Received broadcast Intent { act=android.intent.action.PACKAGE_REMOVED dat=package:esgi.fouriam flg=0x8000010 (has extras) }
D/BackupManagerService(  290): Received broadcast Intent { act=android.intent.action.PACKAGE_ADDED dat=package:esgi.fouriam flg=0x8000010 (has extras) }
V/BackupManagerService(  290): removePackageParticipantsLocked: uid=10055 #1
V/BackupManagerService(  290): addPackageParticipantsLocked: #1
W/InputMethodManagerService(  290): Found no subtypes in a system IME: com.android.inputmethod.pinyin
W/RecognitionManagerService(  290): no available voice recognition services found
D/Genyd   (   56): Received Set Clipboard
D/Genymotion(   56): Received Set Clipboard
I/ClipboardService(  290): Got clipboard for user=0
I/ClipboardService(  290): Got clipboard for user=0
I/ClipboardService(  290): Got clipboard for user=0
I/ClipboardService(  290): Got clipboard for user=0
I/ClipboardService(  290): Got clipboard for user=0
I/ActivityManager(  290): START {act=android.intent.action.MAIN cat=[android.intent.category.LAUNCHER] flg=0x10200000 cmp=esgi.fouriam/.MainActivity u=0} from pid 477
W/genymotion_audio(  308): out_write() limiting sleep time 116462 to 39909
I/ActivityManager(  290): Start proc esgi.fouriam for activity esgi.fouriam/.MainActivity: pid=1192 uid=10055 gids={1015, 1028}
W/genymotion_audio(  308): out_write() limiting sleep time 113197 to 39909
W/genymotion_audio(  308): out_write() limiting sleep time 98321 to 39909
W/genymotion_audio(  308): out_write() limiting sleep time 83446 to 39909
W/genymotion_audio(  308): out_write() limiting sleep time 56961 to 39909
W/genymotion_audio(  308): out_write() limiting sleep time 42086 to 39909
I/ActivityManager(  290): START {cmp=esgi.fouriam/.SDLActivity u=0} from pid 1192
--------- beginning of /dev/log/main
D/Squadron( 1192): Shoot enemy :-1202462800
D/Squadron( 1192): Shoot enemy :-1202462592
D/Squadron( 1192): Shoot enemy :-1202462416
D/Squadron( 1192): Shoot enemy :-1202462208
D/Squadron( 1192): Shoot enemy :-1202462032
D/Squadron( 1192): Shoot enemy :-1202461824
D/Squadron( 1192): Shoot enemy :-1202461648
D/Squadron( 1192): Shoot enemy :-1202461440
D/Squadron( 1192): Shoot enemy :-1202461264
D/Squadron( 1192): Shoot enemy :-1202461056
D/Squadron( 1192): Shoot enemy :-1202460880
D/Squadron( 1192): Shoot enemy :-1202460672
D/Squadron( 1192): Shoot enemy :-1202460496
D/Squadron( 1192): Shoot enemy :-1202460288
D/Squadron( 1192): Shoot enemy :-1202460112
D/Squadron( 1192): Shoot enemy :-1202459904
D/Squadron( 1192): Shoot enemy :-1202459728
D/Squadron( 1192): Shoot enemy :-1202459520
D/Squadron( 1192): Shoot enemy :-1202459344
D/Squadron( 1192): Shoot enemy :-1202459136
D/Squadron( 1192): Shoot enemy :-1202458960
D/Squadron( 1192): Shoot enemy :-1202458752
D/Squadron( 1192): Shoot enemy :-1202458576
D/Squadron( 1192): Shoot enemy :-1202458368
D/Squadron( 1192): Shoot enemy :-1202458192
D/Squadron( 1192): Shoot enemy :-1202457984
D/Squadron( 1192): Shoot enemy :-1202457808
D/Squadron( 1192): Shoot enemy :-1202457600
D/Squadron( 1192): Shoot enemy :-1202457424
D/Squadron( 1192): Shoot enemy :-1202457216
D/Squadron( 1192): Shoot enemy :-1202457040
D/Squadron( 1192): Shoot enemy :-1202456832
D/Squadron( 1192): Shoot enemy :-1202456656
D/Squadron( 1192): Shoot enemy :-1202456448
D/Squadron( 1192): Shoot enemy :-1202456272
D/Squadron( 1192): Shoot enemy :-1202456016
D/Squadron( 1192): Shoot enemy :-1202455872
D/Squadron( 1192): Shoot enemy :-1202455664
D/Squadron( 1192): Shoot enemy :-1202455488
D/Squadron( 1192): Shoot enemy :-1202455280
D/Squadron( 1192): Shoot enemy :-1202455104
D/Squadron( 1192): Shoot enemy :-1202454896
D/Squadron( 1192): Shoot enemy :-1202454720
D/Squadron( 1192): Shoot enemy :-1202454512
D/Squadron( 1192): Shoot enemy :-1202454336
D/Squadron( 1192): Shoot enemy :-1202454128
D/Squadron( 1192): Shoot enemy :-1202453952
D/Squadron( 1192): Shoot enemy :-1202453744
D/Squadron( 1192): Shoot enemy :-1202453568
D/Squadron( 1192): Shoot enemy :-1202453360
D/Squadron( 1192): Shoot enemy :-1202453184
D/Squadron( 1192): Shoot enemy :-1202452976
D/Squadron( 1192): Shoot enemy :-1202452800
D/Squadron( 1192): Shoot enemy :-1202452592
D/Squadron( 1192): Shoot enemy :-1202452416
D/Squadron( 1192): Shoot enemy :-1202452208
D/Squadron( 1192): Shoot enemy :-1202452032
D/Squadron( 1192): Shoot enemy :-1202451776
D/Squadron( 1192): Shoot enemy :-1202451632
D/Squadron( 1192): Shoot enemy :-1202451424
D/Squadron( 1192): Shoot enemy :-1202451248
D/Squadron( 1192): Shoot enemy :-1202451040
D/Squadron( 1192): Shoot enemy :-1202450864
D/Squadron( 1192): Shoot enemy :-1202450656
D/Squadron( 1192): Shoot enemy :-1202450480
D/Squadron( 1192): Shoot enemy :-1202450272
D/Squadron( 1192): Shoot enemy :-1202450096
D/Squadron( 1192): Shoot enemy :-1202449888
D/Squadron( 1192): Shoot enemy :-1202449712
D/Squadron( 1192): Shoot enemy :-1202449504
D/Squadron( 1192): Shoot enemy :-1202449328
D/Squadron( 1192): Shoot enemy :-1202449120
D/Squadron( 1192): Shoot enemy :-1202448944
D/Squadron( 1192): Shoot enemy :-1202448736
D/Squadron( 1192): Shoot enemy :-1202448560
D/Squadron( 1192): Shoot enemy :-1202448352
D/Squadron( 1192): Shoot enemy :-1202448176
D/Squadron( 1192): Shoot enemy :-1202447968
D/Squadron( 1192): Shoot enemy :-1202447792
D/Squadron( 1192): Shoot enemy :-1202447584
D/Squadron( 1192): Shoot enemy :-1202447408
D/Squadron( 1192): Shoot enemy :-1202447200
D/Squadron( 1192): Shoot enemy :-1202447024
D/Squadron( 1192): Shoot enemy :-1202446816
D/Squadron( 1192): Shoot enemy :-1202446640
D/Squadron( 1192): Shoot enemy :-1202446432
D/Squadron( 1192): Shoot enemy :-1202446256
D/Squadron( 1192): Shoot enemy :-1202446048
D/Squadron( 1192): Shoot enemy :-1202445872
D/Squadron( 1192): Shoot enemy :-1202445664
D/Squadron( 1192): Shoot enemy :-1202445488
D/Squadron( 1192): Shoot enemy :-1202445280
D/Squadron( 1192): Shoot enemy :-1202445104
D/Squadron( 1192): Shoot enemy :-1202444896
D/Squadron( 1192): Shoot enemy :-1202444720
D/Squadron( 1192): Shoot enemy :-1202444512
D/Squadron( 1192): Shoot enemy :-1202444256
D/Squadron( 1192): Shoot enemy :-1202444112
D/Squadron( 1192): Shoot enemy :-1202443936
D/Squadron( 1192): Shoot enemy :-1202443728
D/Squadron( 1192): Shoot enemy :-1202443552
D/Squadron( 1192): Shoot enemy :-1202443344
D/Squadron( 1192): Shoot enemy :-1202443168
D/Squadron( 1192): Shoot enemy :-1202442960
D/Squadron( 1192): Shoot enemy :-1202442784
D/Squadron( 1192): Shoot enemy :-1202442576
D/Squadron( 1192): Shoot enemy :-1202442400
D/Squadron( 1192): Shoot enemy :-1202442192
D/Squadron( 1192): Shoot enemy :-1202442016
D/Squadron( 1192): Shoot enemy :-1202441808
D/Squadron( 1192): Shoot enemy :-1202441632
D/Squadron( 1192): Shoot enemy :-1202441424
D/Squadron( 1192): Shoot enemy :-1202441248
D/Squadron( 1192): Shoot enemy :-1202441040
D/Squadron( 1192): Shoot enemy :-1202440864
D/Squadron( 1192): Shoot enemy :-1202440656
D/Squadron( 1192): Shoot enemy :-1202440480
D/Squadron( 1192): Shoot enemy :-1202440272
D/Squadron( 1192): Shoot enemy :-1202440096
D/Squadron( 1192): Shoot enemy :-1202439888
D/Squadron( 1192): Shoot enemy :-1202439712
D/Squadron( 1192): Shoot enemy :-1202439504
D/Squadron( 1192): Shoot enemy :-1202439328
D/Squadron( 1192): Shoot enemy :-1202439120
D/Squadron( 1192): Shoot enemy :-1202438944
D/Squadron( 1192): Shoot enemy :-1202438736
D/Squadron( 1192): Shoot enemy :-1202438560
D/Squadron( 1192): Shoot enemy :-1202438352
D/Squadron( 1192): Shoot enemy :-1202438176
D/Squadron( 1192): Shoot enemy :-1202437968
D/Squadron( 1192): Shoot enemy :-1202437792
D/Squadron( 1192): Shoot enemy :-1202437584
D/Squadron( 1192): Shoot enemy :-1202437408
D/Squadron( 1192): Shoot enemy :-1202437200
D/Squadron( 1192): Shoot enemy :-1202437024
D/Squadron( 1192): Shoot enemy :-1202436768
D/Squadron( 1192): Shoot enemy :-1202436624
D/Squadron( 1192): Shoot enemy :-1202436416
D/Squadron( 1192): Shoot enemy :-1202436240
D/Squadron( 1192): Shoot enemy :-1202436032
D/Squadron( 1192): Shoot enemy :-1202435856
D/Squadron( 1192): Shoot enemy :-1202435648
D/Squadron( 1192): Shoot enemy :-1202435472
D/Squadron( 1192): Shoot enemy :-1202435264
D/Squadron( 1192): Shoot enemy :-1202435088
D/Squadron( 1192): Shoot enemy :-1202434880
D/Squadron( 1192): Shoot enemy :-1202434704
D/Squadron( 1192): Shoot enemy :-1202434496
D/Squadron( 1192): Shoot enemy :-1202434320
D/Squadron( 1192): Shoot enemy :-1202434112
D/Squadron( 1192): Shoot enemy :-1202433936
D/Squadron( 1192): Shoot enemy :-1202433728
D/Squadron( 1192): Shoot enemy :-1202433552
D/Squadron( 1192): Shoot enemy :-1202433344
D/Squadron( 1192): Shoot enemy :-1202433168
D/Squadron( 1192): Shoot enemy :-1202432960
D/Squadron( 1192): Shoot enemy :-1202432784
D/Squadron( 1192): Shoot enemy :-1202432576
D/Squadron( 1192): Shoot enemy :-1202432400
D/Squadron( 1192): Shoot enemy :-1202432192
D/Squadron( 1192): Shoot enemy :-1202432016
D/Squadron( 1192): Shoot enemy :-1202431808
D/Squadron( 1192): Shoot enemy :-1202431632
D/Squadron( 1192): Shoot enemy :-1202431424
D/Squadron( 1192): Shoot enemy :-1202431248
D/Squadron( 1192): Shoot enemy :-1202430992
D/Squadron( 1192): Shoot enemy :-1202430848
D/Squadron( 1192): Shoot enemy :-1202430640
D/Squadron( 1192): Shoot enemy :-1202430464
D/Squadron( 1192): Shoot enemy :-1202430256
D/Squadron( 1192): Shoot enemy :-1202430080
D/Squadron( 1192): Shoot enemy :-1202429872
D/Squadron( 1192): Shoot enemy :-1202429696
D/Squadron( 1192): Shoot enemy :-1202429488
D/Squadron( 1192): Shoot enemy :-1202429312
D/Squadron( 1192): Shoot enemy :-1202429104
D/Squadron( 1192): Shoot enemy :-1202428928
D/Squadron( 1192): Shoot enemy :-1202428720
D/Squadron( 1192): Shoot enemy :-1202428544
D/Squadron( 1192): Shoot enemy :-1202428336
D/Squadron( 1192): Shoot enemy :-1202428160
D/Squadron( 1192): Shoot enemy :-1202427952
D/Squadron( 1192): Shoot enemy :-1202427776
D/Squadron( 1192): Shoot enemy :-1202427568
D/Squadron( 1192): Shoot enemy :-1202427392
D/Squadron( 1192): Shoot enemy :-1202427184
D/Squadron( 1192): Shoot enemy :-1202427008
D/Squadron( 1192): Shoot enemy :-1202426800
D/Squadron( 1192): Shoot enemy :-1202426624
D/Squadron( 1192): Shoot enemy :-1202426416
D/Squadron( 1192): Shoot enemy :-1202426240
D/Squadron( 1192): Shoot enemy :-1202426032
D/Squadron( 1192): Shoot enemy :-1202425856
D/Squadron( 1192): Shoot enemy :-1202425648
D/Squadron( 1192): Shoot enemy :-1202425472
D/Squadron( 1192): Shoot enemy :-1202425264
D/Squadron( 1192): Shoot enemy :-1202425088
D/Squadron( 1192): Shoot enemy :-1202424880
D/Squadron( 1192): Shoot enemy :-1202424704
D/Squadron( 1192): Shoot enemy :-1202424496
D/Squadron( 1192): Shoot enemy :-1202424320
D/Squadron( 1192): Shoot enemy :-1202424112
D/Squadron( 1192): Shoot enemy :-1202423936
D/Squadron( 1192): Shoot enemy :-1202423728
D/Squadron( 1192): Shoot enemy :-1202423552
D/Squadron( 1192): Shoot enemy :-1202423344
