D/Squadron( 1192):  draw enemy adress :-1202231784
D/Squadron( 1192):  draw enemy adress :-1202231608
D/Squadron( 1192):  draw enemy adress :-1202231432
D/Squadron( 1192):  draw enemy adress :-1202231224
D/Squadron( 1192):  draw enemy adress :-1202231048
D/Squadron( 1192):  draw enemy adress :-1202230872
D/Squadron( 1192):  draw enemy adress :-1202230664
D/Squadron( 1192):  draw enemy adress :-1202230488
D/Squadron( 1192):  draw enemy adress :-1202230312
D/Squadron( 1192):  draw enemy adress :-1202230104
D/Squadron( 1192):  draw enemy adress :-1202229928
D/Squadron( 1192):  draw enemy adress :-1202229752
D/Squadron( 1192):  draw enemy adress :-1202229544
D/Squadron( 1192):  draw enemy adress :-1202229368
D/Squadron( 1192):  draw enemy adress :-1202229192
D/Squadron( 1192):  draw enemy adress :-1202228984
D/Squadron( 1192):  draw enemy adress :-1202228808
D/Squadron( 1192):  draw enemy adress :-1202228632
D/Squadron( 1192):  draw enemy adress :-1202228424
D/Squadron( 1192):  draw enemy adress :-1202228248
D/Squadron( 1192):  draw enemy adress :-1202228072
D/Squadron( 1192):  draw enemy adress :-1202227864
D/Squadron( 1192):  draw enemy adress :-1202227688
D/Squadron( 1192):  draw enemy adress :-1202227512
D/Squadron( 1192):  draw enemy adress :-1202227304
D/Squadron( 1192):  draw enemy adress :-1202227128
D/Squadron( 1192):  draw enemy adress :-1202226952
D/Squadron( 1192):  draw enemy adress :-1202226744
D/Squadron( 1192):  draw enemy adress :-1202226568
D/Squadron( 1192):  draw enemy adress :-1202226392
D/Squadron( 1192):  draw enemy adress :-1202226184
D/Squadron( 1192):  draw enemy adress :-1202226008
D/Squadron( 1192):  draw enemy adress :-1202225832
D/Squadron( 1192):  draw enemy adress :-1202225624
D/Squadron( 1192):  draw enemy adress :-1202225448
D/Squadron( 1192):  draw enemy adress :-1202225272
D/Squadron( 1192):  draw enemy adress :-1202225064
D/Squadron( 1192):  draw enemy adress :-1202224888
D/Squadron( 1192):  draw enemy adress :-1202224712
D/Squadron( 1192):  draw enemy adress :-1202224504
D/Squadron( 1192):  draw enemy adress :-1202224328
D/Squadron( 1192):  draw enemy adress :-1202224152
D/Squadron( 1192):  draw enemy adress :-1202223944
D/Squadron( 1192):  draw enemy adress :-1202223768
D/Squadron( 1192):  draw enemy adress :-1202223592
D/Squadron( 1192):  draw enemy adress :-1202223384
D/Squadron( 1192):  draw enemy adress :-1202223208
D/Squadron( 1192):  draw enemy adress :-1202223032
D/Squadron( 1192):  draw enemy adress :-1202222824
D/Squadron( 1192):  draw enemy adress :-1202222648
D/Squadron( 1192):  draw enemy adress :-1202222472
D/Squadron( 1192):  draw enemy adress :-1202222264
D/Squadron( 1192):  draw enemy adress :-1202222088
D/Squadron( 1192):  draw enemy adress :-1202221912
D/Squadron( 1192):  draw enemy adress :-1202221704
D/Squadron( 1192):  draw enemy adress :-1202221528
D/Squadron( 1192):  draw enemy adress :-1202221352
D/Squadron( 1192):  draw enemy adress :-1202221144
D/Squadron( 1192):  draw enemy adress :-1202220968
D/Squadron( 1192):  draw enemy adress :-1202220792
D/Squadron( 1192):  draw enemy adress :-1202220584
D/Squadron( 1192):  draw enemy adress :-1202220408
D/Squadron( 1192):  draw enemy adress :-1202220232
D/Squadron( 1192):  draw enemy adress :-1202220024
D/Squadron( 1192):  draw enemy adress :-1202219848
D/Squadron( 1192):  draw enemy adress :-1202219672
D/Squadron( 1192):  draw enemy adress :-1202219464
D/Squadron( 1192):  draw enemy adress :-1202219288
D/Squadron( 1192):  draw enemy adress :-1202219112
D/Squadron( 1192):  draw enemy adress :-1202218904
D/Squadron( 1192):  draw enemy adress :-1202218728
D/Squadron( 1192):  draw enemy adress :-1202218552
D/Squadron( 1192):  draw enemy adress :-1202218344
D/Squadron( 1192):  draw enemy adress :-1202218168
D/Squadron( 1192):  draw enemy adress :-1202217992
D/Squadron( 1192):  draw enemy adress :-1202217784
D/Squadron( 1192):  draw enemy adress :-1202217608
D/Squadron( 1192):  draw enemy adress :-1202217432
D/Squadron( 1192):  draw enemy adress :-1202217176
D/Squadron( 1192):  draw enemy adress :-1202217032
D/Squadron( 1192):  draw enemy adress :-1202216856
D/Squadron( 1192):  draw enemy adress :-1202216648
D/Squadron( 1192):  draw enemy adress :-1202216472
D/Squadron( 1192):  draw enemy adress :-1202216296
D/Squadron( 1192):  draw enemy adress :-1202216088
D/Squadron( 1192):  draw enemy adress :-1202215912
D/Squadron( 1192):  draw enemy adress :-1202215736
D/Squadron( 1192):  draw enemy adress :-1202215528
D/Squadron( 1192):  draw enemy adress :-1202215352
D/Squadron( 1192):  draw enemy adress :-1202215176
D/Squadron( 1192):  draw enemy adress :-1202214968
D/Squadron( 1192):  draw enemy adress :-1202214792
D/Squadron( 1192):  draw enemy adress :-1202214616
D/Squadron( 1192):  draw enemy adress :-1202214408
D/Squadron( 1192):  draw enemy adress :-1202214232
D/Squadron( 1192):  draw enemy adress :-1202214056
D/Squadron( 1192):  draw enemy adress :-1202213848
D/Squadron( 1192):  draw enemy adress :-1202213672
D/Squadron( 1192):  draw enemy adress :-1202213496
D/Squadron( 1192):  draw enemy adress :-1202213288
D/Squadron( 1192):  draw enemy adress :-1202213112
D/Squadron( 1192):  draw enemy adress :-1202212936
D/Squadron( 1192):  draw enemy adress :-1202212728
D/Squadron( 1192):  draw enemy adress :-1202212552
D/Squadron( 1192):  draw enemy adress :-1202212376
D/Squadron( 1192):  draw enemy adress :-1202212168
D/Squadron( 1192):  draw enemy adress :-1202211992
D/Squadron( 1192):  draw enemy adress :-1202211816
D/Squadron( 1192):  draw enemy adress :-1202211608
D/Squadron( 1192):  draw enemy adress :-1202211432
D/Squadron( 1192):  draw enemy adress :-1202211256
D/Squadron( 1192):  draw enemy adress :-1202211048
D/Squadron( 1192):  draw enemy adress :-1202210872
D/Squadron( 1192):  draw enemy adress :-1202210696
D/Squadron( 1192):  draw enemy adress :-1202210488
D/Squadron( 1192):  draw enemy adress :-1202210312
D/Squadron( 1192):  draw enemy adress :-1202210136
D/Squadron( 1192):  draw enemy adress :-1202209928
D/Squadron( 1192):  draw enemy adress :-1202209752
D/Squadron( 1192):  draw enemy adress :-1202209576
D/Squadron( 1192):  draw enemy adress :-1202209368
D/Squadron( 1192):  draw enemy adress :-1202209192
D/Squadron( 1192):  draw enemy adress :-1202209016
D/Squadron( 1192):  draw enemy adress :-1202208808
D/Squadron( 1192):  draw enemy adress :-1202208632
D/Squadron( 1192):  draw enemy adress :-1202208456
D/Squadron( 1192):  draw enemy adress :-1202208248
D/Squadron( 1192):  draw enemy adress :-1202208072
D/Squadron( 1192):  draw enemy adress :-1202207896
D/Squadron( 1192):  draw enemy adress :-1202207688
D/Squadron( 1192):  draw enemy adress :-1202207512
D/Squadron( 1192):  draw enemy adress :-1202207336
D/Squadron( 1192):  draw enemy adress :-1202207128
D/Squadron( 1192):  draw enemy adress :-1202206952
D/Squadron( 1192):  draw enemy adress :-1202206776
D/Squadron( 1192):  draw enemy adress :-1202206568
D/Squadron( 1192):  draw enemy adress :-1202206392
D/Squadron( 1192):  draw enemy adress :-1202206216
D/Squadron( 1192):  draw enemy adress :-1202206008
D/Squadron( 1192):  draw enemy adress :-1202205832
D/Squadron( 1192):  draw enemy adress :-1202205656
D/Squadron( 1192):  draw enemy adress :-1202205448
D/Squadron( 1192):  draw enemy adress :-1202205272
D/Squadron( 1192):  draw enemy adress :-1202205096
D/Squadron( 1192):  draw enemy adress :-1202204888
D/Squadron( 1192):  draw enemy adress :-1202204712
D/Squadron( 1192):  draw enemy adress :-1202204536
D/Squadron( 1192):  draw enemy adress :-1202204328
D/Squadron( 1192):  draw enemy adress :-1202204152
D/Squadron( 1192):  draw enemy adress :-1202203976
D/Squadron( 1192):  draw enemy adress :-1202203768
D/Squadron( 1192):  draw enemy adress :-1202203592
D/Squadron( 1192):  draw enemy adress :-1202203416
D/Squadron( 1192):  draw enemy adress :-1202203208
D/Squadron( 1192):  draw enemy adress :-1202203032
D/Squadron( 1192):  draw enemy adress :-1202202856
D/Squadron( 1192):  draw enemy adress :-1202202648
D/Squadron( 1192):  draw enemy adress :-1202202472
D/Squadron( 1192):  draw enemy adress :-1202202296
D/Squadron( 1192):  draw enemy adress :-1202202088
D/Squadron( 1192):  draw enemy adress :-1202201912
D/Squadron( 1192):  draw enemy adress :-1202201736
D/Squadron( 1192):  draw enemy adress :-1202201528
D/Squadron( 1192):  draw enemy adress :-1202201352
D/Squadron( 1192):  draw enemy adress :-1202201176
D/Squadron( 1192):  draw enemy adress :-1202200968
D/Squadron( 1192):  draw enemy adress :-1202200792
D/Squadron( 1192):  draw enemy adress :-1202200616
D/Squadron( 1192):  draw enemy adress :-1202200408
D/Squadron( 1192):  draw enemy adress :-1202200232
D/Squadron( 1192):  draw enemy adress :-1202200056
D/Squadron( 1192):  draw enemy adress :-1202199848
D/Squadron( 1192):  draw enemy adress :-1202199672
D/Squadron( 1192):  draw enemy adress :-1202199496
D/Squadron( 1192):  draw enemy adress :-1202199288
D/Squadron( 1192):  draw enemy adress :-1202199112
D/Squadron( 1192):  draw enemy adress :-1202198936
D/Squadron( 1192):  draw enemy adress :-1202198728
D/Squadron( 1192):  draw enemy adress :-1202198552
D/Squadron( 1192):  draw enemy adress :-1202198376
D/Squadron( 1192):  draw enemy adress :-1202198168
D/Squadron( 1192):  draw enemy adress :-1202197992
D/Squadron( 1192):  draw enemy adress :-1202197816
D/Squadron( 1192):  draw enemy adress :-1202197608
D/Squadron( 1192):  draw enemy adress :-1202197432
D/Squadron( 1192):  draw enemy adress :-1202197256
D/Squadron( 1192):  draw enemy adress :-1202197048
D/Squadron( 1192):  draw enemy adress :-1202196872
D/Squadron( 1192):  draw enemy adress :-1202196696
D/Squadron( 1192):  draw enemy adress :-1202196488
D/Squadron( 1192):  draw enemy adress :-1202196312
D/Squadron( 1192):  draw enemy adress :-1202196136
D/Squadron( 1192):  draw enemy adress :-1202195928
D/Squadron( 1192):  draw enemy adress :-1202195752
D/Squadron( 1192):  draw enemy adress :-1202195576
D/Squadron( 1192):  draw enemy adress :-1202195368
D/Squadron( 1192):  draw enemy adress :-1202195192
D/Squadron( 1192):  draw enemy adress :-1202195016
D/Squadron( 1192):  draw enemy adress :-1202194808
D/Squadron( 1192):  draw enemy adress :-1202194632
D/Squadron( 1192):  draw enemy adress :-1202194456
D/Squadron( 1192):  draw enemy adress :-1202194248
D/Squadron( 1192):  draw enemy adress :-1202194072
D/Squadron( 1192):  draw enemy adress :-1202193896
D/Squadron( 1192):  draw enemy adress :-1202193688
D/Squadron( 1192):  draw enemy adress :-1202193512
D/Squadron( 1192):  draw enemy adress :-1202193336
D/Squadron( 1192):  draw enemy adress :-1202193128
D/Squadron( 1192):  draw enemy adress :-1202192952
D/Squadron( 1192):  draw enemy adress :-1202192776
D/Squadron( 1192):  draw enemy adress :-1202192568
D/Squadron( 1192):  draw enemy adress :-1202192392
D/Squadron( 1192):  draw enemy adress :-1202192216
D/Squadron( 1192):  draw enemy adress :-1202192008
D/Squadron( 1192):  draw enemy adress :-1202191832
D/Squadron( 1192):  draw enemy adress :-1202191656
D/Squadron( 1192):  draw enemy adress :-1202191448
D/Squadron( 1192):  draw enemy adress :-1202191272
D/Squadron( 1192):  draw enemy adress :-1202191096
D/Squadron( 1192):  draw enemy adress :-1202190888
D/Squadron( 1192):  draw enemy adress :-1202190712
D/Squadron( 1192):  draw enemy adress :-1202190536
D/Squadron( 1192):  draw enemy adress :-1202190328
D/Squadron( 1192):  draw enemy adress :-1202190152
D/Squadron( 1192):  draw enemy adress :-1202189976
D/Squadron( 1192):  draw enemy adress :-1202189768
D/Squadron( 1192):  draw enemy adress :-1202189592
D/Squadron( 1192):  draw enemy adress :-1202189416
D/Squadron( 1192):  draw enemy adress :-1202189208
D/Squadron( 1192):  draw enemy adress :-1202189032
D/Squadron( 1192):  draw enemy adress :-1202188856
D/Squadron( 1192):  draw enemy adress :-1202188648
D/Squadron( 1192):  draw enemy adress :-1202188472
D/Squadron( 1192):  draw enemy adress :-1202188296
D/Squadron( 1192):  draw enemy adress :-1202188088
D/Squadron( 1192):  draw enemy adress :-1202187912
D/Squadron( 1192):  draw enemy adress :-1202187736
D/Squadron( 1192):  draw enemy adress :-1202187528
D/Squadron( 1192):  draw enemy adress :-1202187352
D/Squadron( 1192):  draw enemy adress :-1202187176
D/Squadron( 1192):  draw enemy adress :-1202186968
D/Squadron( 1192):  draw enemy adress :-1202186792
D/Squadron( 1192):  draw enemy adress :-1202186616
D/Squadron( 1192):  draw enemy adress :-1202186408
D/Squadron( 1192):  draw enemy adress :-1202186232
D/Squadron( 1192):  draw enemy adress :-1202186056
D/Squadron( 1192):  draw enemy adress :-1202185848
D/Squadron( 1192):  draw enemy adress :-1202185672
D/Squadron( 1192):  draw enemy adress :-1202185496
D/Squadron( 1192):  draw enemy adress :-1202185288
D/Squadron( 1192):  draw enemy adress :-1202185112
D/Squadron( 1192):  draw enemy adress :-1202184936
D/Squadron( 1192):  draw enemy adress :-1202184728
D/Squadron( 1192):  draw enemy adress :-1202184552
D/Squadron( 1192):  draw enemy adress :-1202184376
D/Squadron( 1192):  draw enemy adress :-1202184168
D/Squadron( 1192):  draw enemy adress :-1202183992
D/Squadron( 1192):  draw enemy adress :-1202183816
D/Squadron( 1192):  draw enemy adress :-1202183608
D/Squadron( 1192):  draw enemy adress :-1202183432
D/Squadron( 1192):  draw enemy adress :-1202183256
D/Squadron( 1192):  draw enemy adress :-1202183048
D/Squadron( 1192):  draw enemy adress :-1202182872
D/Squadron( 1192):  draw enemy adress :-1202182696
D/Squadron( 1192):  draw enemy adress :-1202182488
D/Squadron( 1192):  draw enemy adress :-1202182312
D/Squadron( 1192):  draw enemy adress :-1202182136
D/Squadron( 1192):  draw enemy adress :-1202181928
D/Squadron( 1192):  draw enemy adress :-1202181752
D/Squadron( 1192):  draw enemy adress :-1202181576
D/Squadron( 1192):  draw enemy adress :-1202181368
D/Squadron( 1192):  draw enemy adress :-1202181192
D/Squadron( 1192):  draw enemy adress :-1202181016
D/Squadron( 1192):  draw enemy adress :-1202180808
D/Squadron( 1192):  draw enemy adress :-1202180632
D/Squadron( 1192):  draw enemy adress :-1202180456
D/Squadron( 1192):  draw enemy adress :-1202180248
D/Squadron( 1192):  draw enemy adress :-1202180072
D/Squadron( 1192):  draw enemy adress :-1202179896
D/Squadron( 1192):  draw enemy adress :-1202179688
D/Squadron( 1192):  draw enemy adress :-1202179512
D/Squadron( 1192):  draw enemy adress :-1202179336
D/Squadron( 1192):  draw enemy adress :-1202179128
D/Squadron( 1192):  draw enemy adress :-1202178952
D/Squadron( 1192):  draw enemy adress :-1202178776
D/Squadron( 1192):  draw enemy adress :-1202178568
D/Squadron( 1192):  draw enemy adress :-1202178392
D/Squadron( 1192):  draw enemy adress :-1202178216
D/Squadron( 1192):  draw enemy adress :-1202178008
D/Squadron( 1192):  draw enemy adress :-1202177832
D/Squadron( 1192):  draw enemy adress :-1202177656
D/Squadron( 1192):  draw enemy adress :-1202177448
D/Squadron( 1192):  draw enemy adress :-1202177272
D/Squadron( 1192):  draw enemy adress :-1202177096
D/Squadron( 1192):  draw enemy adress :-1202176888
D/Squadron( 1192):  draw enemy adress :-1202176712
D/Squadron( 1192):  draw enemy adress :-1202176536
D/Squadron( 1192):  draw enemy adress :-1202176328
D/Squadron( 1192):  draw enemy adress :-1202176152
D/Squadron( 1192):  draw enemy adress :-1202175976
D/Squadron( 1192):  draw enemy adress :-1202175768
D/Squadron( 1192):  draw enemy adress :-1202175592
D/Squadron( 1192):  draw enemy adress :-1202175416
D/Squadron( 1192):  draw enemy adress :-1202175208
D/Squadron( 1192):  draw enemy adress :-1202175032
D/Squadron( 1192):  draw enemy adress :-1202174856
D/Squadron( 1192):  draw enemy adress :-1202174648
D/Squadron( 1192):  draw enemy adress :-1202174472
D/Squadron( 1192):  draw enemy adress :-1202174296
D/Squadron( 1192):  draw enemy adress :-1202174088
D/Squadron( 1192):  draw enemy adress :-1202173912
D/Squadron( 1192):  draw enemy adress :-1202173736
D/Squadron( 1192):  draw enemy adress :-1202173528
D/Squadron( 1192):  draw enemy adress :-1202173352
D/Squadron( 1192):  draw enemy adress :-1202173176
D/Squadron( 1192):  draw enemy adress :-1202172968
D/Squadron( 1192):  draw enemy adress :-1202172792
D/Squadron( 1192):  draw enemy adress :-1202172616
D/Squadron( 1192):  draw enemy adress :-1202172408
D/Squadron( 1192):  draw enemy adress :-1202172232
D/Squadron( 1192):  draw enemy adress :-1202172056
D/Squadron( 1192):  draw enemy adress :-1202171848
D/Squadron( 1192):  draw enemy adress :-1202171672
D/Squadron( 1192):  draw enemy adress :-1202171496
D/Squadron( 1192):  draw enemy adress :-1202171288
D/Squadron( 1192):  draw enemy adress :-1202171112
D/Squadron( 1192):  draw enemy adress :-1202170936
D/Squadron( 1192):  draw enemy adress :-1202170728
D/Squadron( 1192):  draw enemy adress :-1202170552
D/Squadron( 1192):  draw enemy adress :-1202170376
D/Squadron( 1192):  draw enemy adress :-1202170168
D/Squadron( 1192):  draw enemy adress :-1202169992
D/Squadron( 1192):  draw enemy adress :-1202169816
D/Squadron( 1192):  draw enemy adress :-1202169608
D/Squadron( 1192):  draw enemy adress :-1202169432
D/Squadron( 1192):  draw enemy adress :-1202169256
D/Squadron( 1192):  draw enemy adress :-1202169048
D/Squadron( 1192):  draw enemy adress :-1202168872
D/Squadron( 1192):  draw enemy adress :-1202168696
D/Squadron( 1192):  draw enemy adress :-1202168440
D/Squadron( 1192):  draw enemy adress :-1202168296
D/Squadron( 1192):  draw enemy adress :-1202168120
D/Squadron( 1192):  draw enemy adress :-1202167912
D/Squadron( 1192):  draw enemy adress :-1202167736
D/Squadron( 1192):  draw enemy adress :-1202167560
D/Squadron( 1192):  draw enemy adress :-1202167352
D/Squadron( 1192):  draw enemy adress :-1202167176
D/Squadron( 1192):  draw enemy adress :-1202167000
D/Squadron( 1192):  draw enemy adress :-1202166792
D/Squadron( 1192):  draw enemy adress :-1202166616
D/Squadron( 1192):  draw enemy adress :-1202166440
D/Squadron( 1192):  draw enemy adress :-1202166232
D/Squadron( 1192):  draw enemy adress :-1202166056
D/Squadron( 1192):  draw enemy adress :-1202165880
D/Squadron( 1192):  draw enemy adress :-1202165672
D/Squadron( 1192):  draw enemy adress :-1202165496
D/Squadron( 1192):  draw enemy adress :-1202165320
D/Squadron( 1192):  draw enemy adress :-1202165112
D/Squadron( 1192):  draw enemy adress :-1202164936
D/Squadron( 1192):  draw enemy adress :-1202164760
D/Squadron( 1192):  draw enemy adress :-1202164552
D/Squadron( 1192):  draw enemy adress :-1202164376
D/Squadron( 1192):  draw enemy adress :-1202164200
D/Squadron( 1192):  draw enemy adress :-1202163992
D/Squadron( 1192):  draw enemy adress :-1202163816
D/Squadron( 1192):  draw enemy adress :-1202163640
D/Squadron( 1192):  draw enemy adress :-1202163432
D/Squadron( 1192):  draw enemy adress :-1202163256
D/Squadron( 1192):  draw enemy adress :-1202163080
D/Squadron( 1192):  draw enemy adress :-1202162872
D/Squadron( 1192):  draw enemy adress :-1202162696
D/Squadron( 1192):  draw enemy adress :-1202162520
D/Squadron( 1192):  draw enemy adress :-1202162312
D/Squadron( 1192):  draw enemy adress :-1202162136
D/Squadron( 1192):  draw enemy adress :-1202161960
D/Squadron( 1192):  draw enemy adress :-1202161752
D/Squadron( 1192):  draw enemy adress :-1202161576
D/Squadron( 1192):  draw enemy adress :-1202161400
D/Squadron( 1192):  draw enemy adress :-1202161192
D/Squadron( 1192):  draw enemy adress :-1202161016
D/Squadron( 1192):  draw enemy adress :-1202160840
D/Squadron( 1192):  draw enemy adress :-1202160632
D/Squadron( 1192):  draw enemy adress :-1202160456
D/Squadron( 1192):  draw enemy adress :-1202160280
D/Squadron( 1192):  draw enemy adress :-1202160072
D/Squadron( 1192):  draw enemy adress :-1202159896
D/Squadron( 1192):  draw enemy adress :-1202159720
D/Squadron( 1192):  draw enemy adress :-1202159512
D/Squadron( 1192):  draw enemy adress :-1202159336
D/Squadron( 1192):  draw enemy adress :-1202159160
D/Squadron( 1192):  draw enemy adress :-1202158952
D/Squadron( 1192):  draw enemy adress :-1202158776
D/Squadron( 1192):  draw enemy adress :-1202158600
D/Squadron( 1192):  draw enemy adress :-1202158392
D/Squadron( 1192):  draw enemy adress :-1202158216
D/Squadron( 1192):  draw enemy adress :-1202158040
D/Squadron( 1192):  draw enemy adress :-1202157832
D/Squadron( 1192):  draw enemy adress :-1202157656
D/Squadron( 1192):  draw enemy adress :-1202157480
D/Squadron( 1192):  draw enemy adress :-1202157272
D/Squadron( 1192):  draw enemy adress :-1202157096
D/Squadron( 1192):  draw enemy adress :-1202156920
D/Squadron( 1192):  draw enemy adress :-1202156712
D/Squadron( 1192):  draw enemy adress :-1202156536
D/Squadron( 1192):  draw enemy adress :-1202156360
D/Squadron( 1192):  draw enemy adress :-1202156152
D/Squadron( 1192):  draw enemy adress :-1202155976
D/Squadron( 1192):  draw enemy adress :-1202155800
D/Squadron( 1192):  draw enemy adress :-1202155592
D/Squadron( 1192):  draw enemy adress :-1202155416
D/Squadron( 1192):  draw enemy adress :-1202155240
D/Squadron( 1192):  draw enemy adress :-1202155032
D/Squadron( 1192):  draw enemy adress :-1202154856
D/Squadron( 1192):  draw enemy adress :-1202154680
D/Squadron( 1192):  draw enemy adress :-1202154472
D/Squadron( 1192):  draw enemy adress :-1202154296
D/Squadron( 1192):  draw enemy adress :-1202154120
D/Squadron( 1192):  draw enemy adress :-1202153912
D/Squadron( 1192):  draw enemy adress :-1202153736
D/Squadron( 1192):  draw enemy adress :-1202153560
D/Squadron( 1192):  draw enemy adress :-1202153352
D/Squadron( 1192):  draw enemy adress :-1202153176
D/Squadron( 1192):  draw enemy adress :-1202153000
D/Squadron( 1192):  draw enemy adress :-1202152792
D/Squadron( 1192):  draw enemy adress :-1202152616
D/Squadron( 1192):  draw enemy adress :-1202152440
D/Squadron( 1192):  draw enemy adress :-1202152232
D/Squadron( 1192):  draw enemy adress :-1202152056
D/Squadron( 1192):  draw enemy adress :-1202151880
D/Squadron( 1192):  draw enemy adress :-1202151672
D/Squadron( 1192):  draw enemy adress :-1202151496
D/Squadron( 1192):  draw enemy adress :-1202151320
D/Squadron( 1192):  draw enemy adress :-1202151112
D/Squadron( 1192):  draw enemy adress :-1202150936
D/Squadron( 1192):  draw enemy adress :-1202150760
D/Squadron( 1192):  draw enemy adress :-1202150552
D/Squadron( 1192):  draw enemy adress :-1202150376
D/Squadron( 1192):  draw enemy adress :-1202150200
D/Squadron( 1192):  draw enemy adress :-1202149992
D/Squadron( 1192):  draw enemy adress :-1202149816
D/Squadron( 1192):  draw enemy adress :-1202149640
D/Squadron( 1192):  draw enemy adress :-1202149432
D/Squadron( 1192):  draw enemy adress :-1202149256
D/Squadron( 1192):  draw enemy adress :-1202149080
D/Squadron( 1192):  draw enemy adress :-1202148872
D/Squadron( 1192):  draw enemy adress :-1202148696
D/Squadron( 1192):  draw enemy adress :-1202148520
D/Squadron( 1192):  draw enemy adress :-1202148312
D/Squadron( 1192):  draw enemy adress :-1202148136
D/Squadron( 1192):  draw enemy adress :-1202147960
D/Squadron( 1192):  draw enemy adress :-1202147752
D/Squadron( 1192):  draw enemy adress :-1202147576
D/Squadron( 1192):  draw enemy adress :-1202147400
D/Squadron( 1192):  draw enemy adress :-1202147192
D/Squadron( 1192):  draw enemy adress :-1202147016
D/Squadron( 1192):  draw enemy adress :-1202146840
D/Squadron( 1192):  draw enemy adress :-1202146632
D/Squadron( 1192):  draw enemy adress :-1202146456
D/Squadron( 1192):  draw enemy adress :-1202146280
D/Squadron( 1192):  draw enemy adress :-1202146072
D/Squadron( 1192):  draw enemy adress :-1202145896
D/Squadron( 1192):  draw enemy adress :-1202145720
D/Squadron( 1192):  draw enemy adress :-1202145512
D/Squadron( 1192):  draw enemy adress :-1202145336
D/Squadron( 1192):  draw enemy adress :-1202145160
D/Squadron( 1192):  draw enemy adress :-1202144952
D/Squadron( 1192):  draw enemy adress :-1202144776
D/Squadron( 1192):  draw enemy adress :-1202144600
D/Squadron( 1192):  draw enemy adress :-1202144392
D/Squadron( 1192):  draw enemy adress :-1202144216
D/Squadron( 1192):  draw enemy adress :-1202144040
D/Squadron( 1192):  draw enemy adress :-1202143832
D/Squadron( 1192):  draw enemy adress :-1202143656
D/Squadron( 1192):  draw enemy adress :-1202143480
D/Squadron( 1192):  draw enemy adress :-1202143224
D/Squadron( 1192):  draw enemy adress :-1202143080
D/Squadron( 1192):  draw enemy adress :-1202142904
D/Squadron( 1192):  draw enemy adress :-1202142696
D/Squadron( 1192):  draw enemy adress :-1202142520
D/Squadron( 1192):  draw enemy adress :-1202142344
D/Squadron( 1192):  draw enemy adress :-1202142136
D/Squadron( 1192):  draw enemy adress :-1202141960
D/Squadron( 1192):  draw enemy adress :-1202141784
D/Squadron( 1192):  draw enemy adress :-1202141576
D/Squadron( 1192):  draw enemy adress :-1202141400
D/Squadron( 1192):  draw enemy adress :-1202141224
D/Squadron( 1192):  draw enemy adress :-1202141016
D/Squadron( 1192):  draw enemy adress :-1202140840
D/Squadron( 1192):  draw enemy adress :-1202140664
D/Squadron( 1192):  draw enemy adress :-1202140456
D/Squadron( 1192):  draw enemy adress :-1202140280
D/Squadron( 1192):  draw enemy adress :-1202140104
D/Squadron( 1192):  draw enemy adress :-1202139896
D/Squadron( 1192):  draw enemy adress :-1202139720
D/Squadron( 1192):  draw enemy adress :-1202139544
D/Squadron( 1192):  draw enemy adress :-1202139336
D/Squadron( 1192):  draw enemy adress :-1202139160
D/Squadron( 1192):  draw enemy adress :-1202138984
D/Squadron( 1192):  draw enemy adress :-1202138776
D/Squadron( 1192):  draw enemy adress :-1202138600
D/Squadron( 1192):  draw enemy adress :-1202138424
D/Squadron( 1192):  draw enemy adress :-1202138216
D/Squadron( 1192):  draw enemy adress :-1202138040
D/Squadron( 1192):  draw enemy adress :-1202137864
D/Squadron( 1192):  draw enemy adress :-1202137656
D/Squadron( 1192):  draw enemy adress :-1202137480
D/Squadron( 1192):  draw enemy adress :-1202137304
D/Squadron( 1192):  draw enemy adress :-1202137096
D/Squadron( 1192):  draw enemy adress :-1202136920
D/Squadron( 1192):  draw enemy adress :-1202136744
D/Squadron( 1192):  draw enemy adress :-1202136536
D/Squadron( 1192):  draw enemy adress :-1202136360
D/Squadron( 1192):  draw enemy adress :-1202136184
D/Squadron( 1192):  draw enemy adress :-1202135976
D/Squadron( 1192):  draw enemy adress :-1202135800
D/Squadron( 1192):  draw enemy adress :-1202135624
D/Squadron( 1192):  draw enemy adress :-1202135416
D/Squadron( 1192):  draw enemy adress :-1202135240
D/Squadron( 1192):  draw enemy adress :-1202135064
D/Squadron( 1192):  draw enemy adress :-1202134856
D/Squadron( 1192):  draw enemy adress :-1202134680
D/Squadron( 1192):  draw enemy adress :-1202134504
D/Squadron( 1192):  draw enemy adress :-1202134296
D/Squadron( 1192):  draw enemy adress :-1202134120
D/Squadron( 1192):  draw enemy adress :-1202133944
D/Squadron( 1192):  draw enemy adress :-1202133736
D/Squadron( 1192):  draw enemy adress :-1202133560
D/Squadron( 1192):  draw enemy adress :-1202133384
D/Squadron( 1192):  draw enemy adress :-1202133176
D/Squadron( 1192):  draw enemy adress :-1202133000
D/Squadron( 1192):  draw enemy adress :-1202132824
D/Squadron( 1192):  draw enemy adress :-1202132616
D/Squadron( 1192):  draw enemy adress :-1202132440
D/Squadron( 1192):  draw enemy adress :-1202132264
D/Squadron( 1192):  draw enemy adress :-1202132056
D/Squadron( 1192):  draw enemy adress :-1202131880
D/Squadron( 1192):  draw enemy adress :-1202131704
D/Squadron( 1192):  draw enemy adress :-1202131496
D/Squadron( 1192):  draw enemy adress :-1202131320
D/Squadron( 1192):  draw enemy adress :-1202131144
D/Squadron( 1192):  draw enemy adress :-1202130936
D/Squadron( 1192):  draw enemy adress :-1202130760
D/Squadron( 1192):  draw enemy adress :-1202130584
D/Squadron( 1192):  draw enemy adress :-1202130376
D/Squadron( 1192):  draw enemy adress :-1202130200
D/Squadron( 1192):  draw enemy adress :-1202130024
D/Squadron( 1192):  draw enemy adress :-1202129816
D/Squadron( 1192):  draw enemy adress :-1202129640
D/Squadron( 1192):  draw enemy adress :-1202129464
D/Squadron( 1192):  draw enemy adress :-1202129256
D/Squadron( 1192):  draw enemy adress :-1202129080
D/Squadron( 1192):  draw enemy adress :-1202128904
D/Squadron( 1192):  draw enemy adress :-1202128696
D/Squadron( 1192):  draw enemy adress :-1202128520
D/Squadron( 1192):  draw enemy adress :-1202128344
D/Squadron( 1192):  draw enemy adress :-1202128136
D/Squadron( 1192):  draw enemy adress :-1202127960
D/Squadron( 1192):  draw enemy adress :-1202127784
D/Squadron( 1192):  draw enemy adress :-1202127576
D/Squadron( 1192):  draw enemy adress :-1202127400
D/Squadron( 1192):  draw enemy adress :-1202127224
D/Squadron( 1192):  draw enemy adress :-1202127016
D/Squadron( 1192):  draw enemy adress :-1202126840
D/Squadron( 1192):  draw enemy adress :-1202126664
D/Squadron( 1192):  draw enemy adress :-1202126456
D/Squadron( 1192):  draw enemy adress :-1202126280
D/Squadron( 1192):  draw enemy adress :-1202126104
D/Squadron( 1192):  draw enemy adress :-1202125896
D/Squadron( 1192):  draw enemy adress :-1202125720
D/Squadron( 1192):  draw enemy adress :-1202125544
D/Squadron( 1192):  draw enemy adress :-1202125336
D/Squadron( 1192):  draw enemy adress :-1202125160
D/Squadron( 1192):  draw enemy adress :-1202124984
D/Squadron( 1192):  draw enemy adress :-1202124776
D/Squadron( 1192):  draw enemy adress :-1202124600
D/Squadron( 1192):  draw enemy adress :-1202124424
D/Squadron( 1192):  draw enemy adress :-1202124216
D/Squadron( 1192):  draw enemy adress :-1202124040
D/Squadron( 1192):  draw enemy adress :-1202123864
D/Squadron( 1192):  draw enemy adress :-1202123656
D/Squadron( 1192):  draw enemy adress :-1202123480
D/Squadron( 1192):  draw enemy adress :-1202123304
D/Squadron( 1192):  draw enemy adress :-1202123096
D/Squadron( 1192):  draw enemy adress :-1202122920
D/Squadron( 1192):  draw enemy adress :-1202122744
D/Squadron( 1192):  draw enemy adress :-1202122536
D/Squadron( 1192):  draw enemy adress :-1202122360
D/Squadron( 1192):  draw enemy adress :-1202122184
D/Squadron( 1192):  draw enemy adress :-1202121976
D/Squadron( 1192):  draw enemy adress :-1202121800
D/Squadron( 1192):  draw enemy adress :-1202121624
D/Squadron( 1192):  draw enemy adress :-1202121416
D/Squadron( 1192):  draw enemy adress :-1202121240
D/Squadron( 1192):  draw enemy adress :-1202121064
D/Squadron( 1192):  draw enemy adress :-1202120856
D/Squadron( 1192):  draw enemy adress :-1202120680
D/Squadron( 1192):  draw enemy adress :-1202120504
D/Squadron( 1192):  draw enemy adress :-1202120296
D/Squadron( 1192):  draw enemy adress :-1202120120
D/Squadron( 1192):  draw enemy adress :-1202119944
D/Squadron( 1192):  draw enemy adress :-1202119736
D/Squadron( 1192):  draw enemy adress :-1202119560
D/Squadron( 1192):  draw enemy adress :-1202119384
D/Squadron( 1192):  draw enemy adress :-1202119176
D/Squadron( 1192):  draw enemy adress :-1202119000
D/Squadron( 1192):  draw enemy adress :-1202118824
D/Squadron( 1192):  draw enemy adress :-1202118616
D/Squadron( 1192):  draw enemy adress :-1202118440
D/Squadron( 1192):  draw enemy adress :-1202118264
D/Squadron( 1192):  draw enemy adress :-1202118056
D/Squadron( 1192):  draw enemy adress :-1202117880
D/Squadron( 1192):  draw enemy adress :-1202117704
D/Squadron( 1192):  draw enemy adress :-1202117448
D/Squadron( 1192):  draw enemy adress :-1202117304
D/Squadron( 1192):  draw enemy adress :-1202117128
D/Squadron( 1192):  draw enemy adress :-1202116920
D/Squadron( 1192):  draw enemy adress :-1202116744
D/Squadron( 1192):  draw enemy adress :-1202116568
D/Squadron( 1192):  draw enemy adress :-1202116360
D/Squadron( 1192):  draw enemy adress :-1202116184
D/Squadron( 1192):  draw enemy adress :-1202116008
D/Squadron( 1192):  draw enemy adress :-1202115800
D/Squadron( 1192):  draw enemy adress :-1202115624
D/Squadron( 1192):  draw enemy adress :-1202115448
D/Squadron( 1192):  draw enemy adress :-1202115240
D/Squadron( 1192):  draw enemy adress :-1202115064
D/Squadron( 1192):  draw enemy adress :-1202114888
D/Squadron( 1192):  draw enemy adress :-1202114680
D/Squadron( 1192):  draw enemy adress :-1202114504
D/Squadron( 1192):  draw enemy adress :-1202114328
D/Squadron( 1192):  draw enemy adress :-1202114120
D/Squadron( 1192):  draw enemy adress :-1202113944
D/Squadron( 1192):  draw enemy adress :-1202113768
D/Squadron( 1192):  draw enemy adress :-1202113560
D/Squadron( 1192):  draw enemy adress :-1202113384
D/Squadron( 1192):  draw enemy adress :-1202113208
D/Squadron( 1192):  draw enemy adress :-1202113000
D/Squadron( 1192):  draw enemy adress :-1202112824
D/Squadron( 1192):  draw enemy adress :-1202112648
D/Squadron( 1192):  draw enemy adress :-1202112440
D/Squadron( 1192):  draw enemy adress :-1202112264
D/Squadron( 1192):  draw enemy adress :-1202112088
D/Squadron( 1192):  draw enemy adress :-1202111880
D/Squadron( 1192):  draw enemy adress :-1202111704
D/Squadron( 1192):  draw enemy adress :-1202111528
D/Squadron( 1192):  draw enemy adress :-1202111320
D/Squadron( 1192):  draw enemy adress :-1202111144
D/Squadron( 1192):  draw enemy adress :-1202110968
D/Squadron( 1192):  draw enemy adress :-1202110760
D/Squadron( 1192):  draw enemy adress :-1202110584
D/Squadron( 1192):  draw enemy adress :-1202110408
D/Squadron( 1192):  draw enemy adress :-1202110200
D/Squadron( 1192):  draw enemy adress :-1202110024
D/Squadron( 1192):  draw enemy adress :-1202109848
D/Squadron( 1192):  draw enemy adress :-1202109640
D/Squadron( 1192):  draw enemy adress :-1202109464
D/Squadron( 1192):  draw enemy adress :-1202109288
D/Squadron( 1192):  draw enemy adress :-1202109080
D/Squadron( 1192):  draw enemy adress :-1202108904
D/Squadron( 1192):  draw enemy adress :-1202108728
D/Squadron( 1192):  draw enemy adress :-1202108520
D/Squadron( 1192):  draw enemy adress :-1202108344
D/Squadron( 1192):  draw enemy adress :-1202108168
D/Squadron( 1192):  draw enemy adress :-1202107960
D/Squadron( 1192):  draw enemy adress :-1202107784
D/Squadron( 1192):  draw enemy adress :-1202107608
D/Squadron( 1192):  draw enemy adress :-1202107400
D/Squadron( 1192):  draw enemy adress :-1202107224
D/Squadron( 1192):  draw enemy adress :-1202107048
D/Squadron( 1192):  draw enemy adress :-1202106840
D/Squadron( 1192):  draw enemy adress :-1202106664
D/Squadron( 1192):  draw enemy adress :-1202106488
D/Squadron( 1192):  draw enemy adress :-1202106280
D/Squadron( 1192):  draw enemy adress :-1202106104
D/Squadron( 1192):  draw enemy adress :-1202105928
D/Squadron( 1192):  draw enemy adress :-1202105720
D/Squadron( 1192):  draw enemy adress :-1202105544
D/Squadron( 1192):  draw enemy adress :-1202105368
D/Squadron( 1192):  draw enemy adress :-1202105160
D/Squadron( 1192):  draw enemy adress :-1202104984
D/Squadron( 1192):  draw enemy adress :-1202104808
D/Squadron( 1192):  draw enemy adress :-1202104600
D/Squadron( 1192):  draw enemy adress :-1202104424
D/Squadron( 1192):  draw enemy adress :-1202104248
D/Squadron( 1192):  draw enemy adress :-1202104040
D/Squadron( 1192):  draw enemy adress :-1202103864
D/Squadron( 1192):  draw enemy adress :-1202103688
D/Squadron( 1192):  draw enemy adress :-1202103480
D/Squadron( 1192):  draw enemy adress :-1202103304
D/Squadron( 1192):  draw enemy adress :-1202103128
D/Squadron( 1192):  draw enemy adress :-1202102920
D/Squadron( 1192):  draw enemy adress :-1202102744
D/Squadron( 1192):  draw enemy adress :-1202102568
D/Squadron( 1192):  draw enemy adress :-1202102360
D/Squadron( 1192):  draw enemy adress :-1202102184
D/Squadron( 1192):  draw enemy adress :-1202102008
D/Squadron( 1192):  draw enemy adress :-1202101800
D/Squadron( 1192):  draw enemy adress :-1202101624
D/Squadron( 1192):  draw enemy adress :-1202101448
D/Squadron( 1192):  draw enemy adress :-1202101240
D/Squadron( 1192):  draw enemy adress :-1202101064
D/Squadron( 1192):  draw enemy adress :-1202100888
D/Squadron( 1192):  draw enemy adress :-1202100680
D/Squadron( 1192):  draw enemy adress :-1202100504
D/Squadron( 1192):  draw enemy adress :-1202100328
D/Squadron( 1192):  draw enemy adress :-1202100120
D/Squadron( 1192):  draw enemy adress :-1202099944
D/Squadron( 1192):  draw enemy adress :-1202099768
D/Squadron( 1192):  draw enemy adress :-1202099560
D/Squadron( 1192):  draw enemy adress :-1202099384
D/Squadron( 1192):  draw enemy adress :-1202099208
D/Squadron( 1192):  draw enemy adress :-1202099000
D/Squadron( 1192):  draw enemy adress :-1202098824
D/Squadron( 1192):  draw enemy adress :-1202098648
D/Squadron( 1192):  draw enemy adress :-1202098440
D/Squadron( 1192):  draw enemy adress :-1202098264
D/Squadron( 1192):  draw enemy adress :-1202098088
D/Squadron( 1192):  draw enemy adress :-1202097880
D/Squadron( 1192):  draw enemy adress :-1202097704
D/Squadron( 1192):  draw enemy adress :-1202097528
D/Squadron( 1192):  draw enemy adress :-1202097320
D/Squadron( 1192):  draw enemy adress :-1202097144
D/Squadron( 1192):  draw enemy adress :-1202096968
D/Squadron( 1192):  draw enemy adress :-1202096760
D/Squadron( 1192):  draw enemy adress :-1202096584
D/Squadron( 1192):  draw enemy adress :-1202096408
D/Squadron( 1192):  draw enemy adress :-1202096200
D/Squadron( 1192):  draw enemy adress :-1202096024
D/Squadron( 1192):  draw enemy adress :-1202095848
D/Squadron( 1192):  draw enemy adress :-1202095640
D/Squadron( 1192):  draw enemy adress :-1202095464
D/Squadron( 1192):  draw enemy adress :-1202095288
D/Squadron( 1192):  draw enemy adress :-1202095080
D/Squadron( 1192):  draw enemy adress :-1202094904
D/Squadron( 1192):  draw enemy adress :-1202094728
D/Squadron( 1192):  draw enemy adress :-1202094520
D/Squadron( 1192):  draw enemy adress :-1202094344
D/Squadron( 1192):  draw enemy adress :-1202094168
D/Squadron( 1192):  draw enemy adress :-1202093960
D/Squadron( 1192):  draw enemy adress :-1202093784
D/Squadron( 1192):  draw enemy adress :-1202093608
D/Squadron( 1192):  draw enemy adress :-1202093400
D/Squadron( 1192):  draw enemy adress :-1202093224
D/Squadron( 1192):  draw enemy adress :-1202093048
D/Squadron( 1192):  draw enemy adress :-1202092840
D/Squadron( 1192):  draw enemy adress :-1202092664
D/Squadron( 1192):  draw enemy adress :-1202092488
D/Squadron( 1192):  draw enemy adress :-1202092280
D/Squadron( 1192):  draw enemy adress :-1202092104
D/Squadron( 1192):  draw enemy adress :-1202091928
D/Squadron( 1192):  draw enemy adress :-1202091720
D/Squadron( 1192):  draw enemy adress :-1202091544
D/Squadron( 1192):  draw enemy adress :-1202091368
D/SpaceShip( 1192): FLAG1
I/qtaguid (  290): Failed write_ctrl(s 0 10055) res=-1 errno=1
W/NetworkManagementSocketTagger(  290): setKernelCountSet(10055, 0) failed with errno -1
I/ActivityManager(  290): Process esgi.fouriam (pid 1192) has died.
W/ActivityManager(  290): Force removing ActivityRecord{5363faa0 esgi.fouriam/.SDLActivity}: app died, no saved state
I/WindowState(  290): WIN DEATH: Window{53687700 esgi.fouriam/esgi.fouriam.MainActivity paused=false}
I/WindowState(  290): WIN DEATH: Window{53673cbc SurfaceView paused=false}
I/WindowState(  290): WIN DEATH: Window{5366ec44 esgi.fouriam/esgi.fouriam.SDLActivity paused=false}
D/dalvikvm( 1212): Late-enabling CheckJNI
D/dalvikvm(  160): WAIT_FOR_CONCURRENT_GC blocked 0ms
I/ActivityManager(  290): Start proc esgi.fouriam for activity esgi.fouriam/.MainActivity: pid=1212 uid=10055 gids={1015, 1028}
I/InputDispatcher(  290): Dropping event because there is no focused window or focused application.
D/dalvikvm(  160): GC_EXPLICIT freed 36K, 9% free 7919K/8643K, paused 0ms+1ms, total 6ms
D/dalvikvm(  160): WAIT_FOR_CONCURRENT_GC blocked 0ms
D/dalvikvm(  160): GC_EXPLICIT freed <1K, 9% free 7919K/8643K, paused 0ms+7ms, total 18ms
D/dalvikvm(  160): WAIT_FOR_CONCURRENT_GC blocked 0ms
D/dalvikvm(  160): GC_EXPLICIT freed <1K, 9% free 7919K/8643K, paused 0ms+1ms, total 17ms
I/qtaguid (  290): Failed write_ctrl(s 1 10055) res=-1 errno=1
W/NetworkManagementSocketTagger(  290): setKernelCountSet(10055, 1) failed with errno -1
D/dalvikvm( 1212): GC_FOR_ALLOC freed 67K, 8% free 7963K/8643K, paused 23ms, total 23ms
I/dalvikvm-heap( 1212): Grow heap (frag case) to 13.695MB for 5717292-byte allocation
D/dalvikvm( 1212): GC_FOR_ALLOC freed <1K, 6% free 13545K/14279K, paused 14ms, total 14ms
D/dalvikvm( 1212): GC_CONCURRENT freed 0K, 6% free 13545K/14279K, paused 10ms+1ms, total 12ms
D/libEGL  ( 1212): loaded /system/lib/egl/libEGL_genymotion.so
D/        ( 1212): HostConnection::get() New Host Connection established 0xb84dbcc8, tid 1212
D/libEGL  ( 1212): loaded /system/lib/egl/libGLESv1_CM_genymotion.so
D/libEGL  ( 1212): loaded /system/lib/egl/libGLESv2_genymotion.so
W/EGL_genymotion( 1212): eglSurfaceAttrib not implemented
D/OpenGLRenderer( 1212): Enabling debug mode 0
W/InputMethodManagerService(  290): Got RemoteException sending setActive(false) notification to pid 1192 uid 10055
D/OpenGLRenderer( 1212): TextureCache::get: create texture(0xb84b0758): name, size, mSize = 1, 1048576, 1048576
D/dalvikvm(  290): GC_CONCURRENT freed 590K, 13% free 10687K/12231K, paused 1ms+1ms, total 8ms
D/OpenGLRenderer( 1212): TextureCache::get: create texture(0xb849dc30): name, size, mSize = 2, 5717280, 6765856
D/OpenGLRenderer( 1212): TextureCache::get: create texture(0xb84c0e50): name, size, mSize = 3, 11664, 6777520
D/OpenGLRenderer( 1212): TextureCache::get: create texture(0xb84b2368): name, size, mSize = 4, 379224, 7156744
I/ActivityManager(  290): Displayed esgi.fouriam/.MainActivity: +491ms
W/ThrottleService(  290): unable to find stats for iface rmnet0
I/ActivityManager(  290): START {cmp=esgi.fouriam/.SDLActivity u=0} from pid 1212
W/genymotion_audio(  308): out_write() limiting sleep time 116462 to 39909
E/SocketStream(  307): readFully was waiting for 403440 bytes, got 16192 
E/SocketStream(  307): readFully was waiting for 387248 bytes, got 16192 
E/SocketStream(  307): readFully was waiting for 371056 bytes, got 16192 
E/SocketStream(  307): readFully was waiting for 354864 bytes, got 16192 
E/SocketStream(  307): readFully was waiting for 338672 bytes, got 16192 
E/SocketStream(  307): readFully was waiting for 322480 bytes, got 16192 
E/SocketStream(  307): readFully was waiting for 306288 bytes, got 16192 
E/SocketStream(  307): readFully was waiting for 290096 bytes, got 16192 
E/SocketStream(  307): readFully was waiting for 273904 bytes, got 16192 
E/SocketStream(  307): readFully was waiting for 257712 bytes, got 16192 
E/SocketStream(  307): readFully was waiting for 241520 bytes, got 16192 
E/SocketStream(  307): readFully was waiting for 225328 bytes, got 16192 
E/SocketStream(  307): readFully was waiting for 209136 bytes, got 16192 
E/SocketStream(  307): readFully was waiting for 192944 bytes, got 16192 
E/SocketStream(  307): readFully was waiting for 176752 bytes, got 16192 
E/SocketStream(  307): readFully was waiting for 160560 bytes, got 16192 
E/SocketStream(  307): readFully was waiting for 144368 bytes, got 16192 
E/SocketStream(  307): readFully was waiting for 128176 bytes, got 16192 
E/SocketStream(  307): readFully was waiting for 111984 bytes, got 16192 
E/SocketStream(  307): readFully was waiting for 95792 bytes, got 16192 
E/SocketStream(  307): readFully was waiting for 79600 bytes, got 16192 
E/SocketStream(  307): readFully was waiting for 63408 bytes, got 16192 
E/SocketStream(  307): readFully was waiting for 47216 bytes, got 16192 
E/SocketStream(  307): readFully was waiting for 31024 bytes, got 16192 
D/dalvikvm( 1212): Trying to load lib /data/data/esgi.fouriam/lib/libSDL2.so 0xa6ab4900
D/dalvikvm( 1212): Added shared lib /data/data/esgi.fouriam/lib/libSDL2.so 0xa6ab4900
D/dalvikvm( 1212): Trying to load lib /data/data/esgi.fouriam/lib/libSDL2_ttf.so 0xa6ab4900
D/dalvikvm( 1212): Added shared lib /data/data/esgi.fouriam/lib/libSDL2_ttf.so 0xa6ab4900
D/dalvikvm( 1212): No JNI_OnLoad found in /data/data/esgi.fouriam/lib/libSDL2_ttf.so 0xa6ab4900, skipping init
D/dalvikvm( 1212): Trying to load lib /data/data/esgi.fouriam/lib/libmain.so 0xa6ab4900
D/dalvikvm( 1212): Added shared lib /data/data/esgi.fouriam/lib/libmain.so 0xa6ab4900
D/dalvikvm( 1212): No JNI_OnLoad found in /data/data/esgi.fouriam/lib/libmain.so 0xa6ab4900, skipping init
V/SDL     ( 1212): onCreate():null
V/SDL     ( 1212): onResume()
W/EGL_genymotion( 1212): eglSurfaceAttrib not implemented
V/SDL     ( 1212): surfaceCreated()
V/SDL     ( 1212): surfaceChanged()
V/SDL     ( 1212): pixel format RGB_565
V/SDL     ( 1212): Window size:480x800
I/SDL     ( 1212): SDL_Android_Init()
I/SDL     ( 1212): SDL_Android_Init() finished!
D/        ( 1212): HostConnection::get() New Host Connection established 0xb8456c90, tid 1239
I/ActivityManager(  290): Displayed esgi.fouriam/.SDLActivity: +59ms
V/SDL     ( 1212): onWindowFocusChanged(): true
D/Squadron( 1212): initialisationSquadron
D/Squadron( 1212): END initialisationSquadron
D/Start   ( 1212): typeStart : 0 , side : 1
D/Squadron( 1212): AddEnemy 
D/Squadron( 1212): add in empty squadron
D/Squadron( 1212): END AddEnemy 
D/Squadron( 1212): Shoot enemy :-1203427256
D/Squadron( 1212):  draw enemy adress :-1203427256
D/SpaceShip( 1212): FLAG1
D/Squadron( 1212): sendNextSquadron
D/Squadron( 1212): sendNextSquadron Return FALSE
D/Squadron( 1212): Shoot enemy :-1203427256
D/Squadron( 1212):  draw enemy adress :-1203427256
D/SpaceShip( 1212): FLAG1
D/Squadron( 1212): sendNextSquadron
D/Squadron( 1212): sendNextSquadron Return FALSE
D/Squadron( 1212): Shoot enemy :-1203427256
D/Squadron( 1212):  draw enemy adress :-1203427256
D/SpaceShip( 1212): FLAG1
D/Squadron( 1212): sendNextSquadron
D/Squadron( 1212): sendNextSquadron Return FALSE
D/Squadron( 1212): Shoot enemy :-1203427256
D/Squadron( 1212):  draw enemy adress :-1203427256
D/SpaceShip( 1212): FLAG1
D/Squadron( 1212): sendNextSquadron
D/Squadron( 1212): sendNextSquadron Return FALSE
D/Squadron( 1212): Shoot enemy :-1203427256
D/Squadron( 1212):  draw enemy adress :-1203427256
D/SpaceShip( 1212): FLAG1
D/Squadron( 1212): sendNextSquadron
D/Squadron( 1212): sendNextSquadron Return FALSE
D/Squadron( 1212): Shoot enemy :-1203427256
D/Squadron( 1212):  draw enemy adress :-1203427256
D/SpaceShip( 1212): FLAG1
D/Squadron( 1212): sendNextSquadron
D/Squadron( 1212): sendNextSquadron Return FALSE
D/Squadron( 1212): Shoot enemy :-1203427256
D/Squadron( 1212):  draw enemy adress :-1203427256
D/SpaceShip( 1212): FLAG1
D/Squadron( 1212): sendNextSquadron
D/Squadron( 1212): sendNextSquadron Return FALSE
D/Squadron( 1212): Shoot enemy :-1203427256
D/Squadron( 1212):  draw enemy adress :-1203427256
D/SpaceShip( 1212): FLAG1
D/Squadron( 1212): sendNextSquadron
D/Squadron( 1212): sendNextSquadron Return FALSE
D/Squadron( 1212): Shoot enemy :-1203427256
D/Squadron( 1212):  draw enemy adress :-1203427256
D/SpaceShip( 1212): FLAG1
D/Squadron( 1212): sendNextSquadron
D/Squadron( 1212): sendNextSquadron Return FALSE
D/Squadron( 1212): Shoot enemy :-1203427256
D/Squadron( 1212):  draw enemy adress :-1203427256
D/SpaceShip( 1212): FLAG1
D/Squadron( 1212): sendNextSquadron
D/Squadron( 1212): sendNextSquadron Return FALSE
D/Squadron( 1212): Shoot enemy :-1203427256
D/Squadron( 1212):  draw enemy adress :-1203427256
D/SpaceShip( 1212): FLAG1
D/Squadron( 1212): sendNextSquadron
D/Squadron( 1212): sendNextSquadron Return FALSE
D/Squadron( 1212): Shoot enemy :-1203427256
D/Squadron( 1212):  draw enemy adress :-1203427256
D/SpaceShip( 1212): FLAG1
D/Squadron( 1212): sendNextSquadron
D/Squadron( 1212): sendNextSquadron Return FALSE
D/Squadron( 1212): Shoot enemy :-1203427256
D/Squadron( 1212):  draw enemy adress :-1203427256
D/SpaceShip( 1212): FLAG1
D/Squadron( 1212): sendNextSquadron
D/Squadron( 1212): sendNextSquadron Return FALSE
D/Squadron( 1212): Shoot enemy :-1203427256
D/Squadron( 1212):  draw enemy adress :-1203427256
D/SpaceShip( 1212): FLAG1
D/Squadron( 1212): sendNextSquadron
D/Squadron( 1212): sendNextSquadron Return FALSE
D/Squadron( 1212): Shoot enemy :-1203427256
D/Squadron( 1212):  draw enemy adress :-1203427256
D/SpaceShip( 1212): FLAG1
D/Squadron( 1212): sendNextSquadron
D/Squadron( 1212): sendNextSquadron Return FALSE
D/Squadron( 1212): Shoot enemy :-1203427256
D/Squadron( 1212):  draw enemy adress :-1203427256
D/SpaceShip( 1212): FLAG1
D/Squadron( 1212): sendNextSquadron
D/Squadron( 1212): sendNextSquadron Return FALSE
D/Squadron( 1212): Shoot enemy :-1203427256
D/Squadron( 1212):  draw enemy adress :-1203427256
D/SpaceShip( 1212): FLAG1
D/Squadron( 1212): sendNextSquadron
D/Squadron( 1212): sendNextSquadron Return FALSE
D/Squadron( 1212): Shoot enemy :-1203427256
D/Squadron( 1212):  draw enemy adress :-1203427256
D/SpaceShip( 1212): FLAG1
D/Squadron( 1212): sendNextSquadron
D/Squadron( 1212): sendNextSquadron Return FALSE
D/Squadron( 1212): Shoot enemy :-1203427256
D/Squadron( 1212):  draw enemy adress :-1203427256
D/SpaceShip( 1212): FLAG1
D/Squadron( 1212): sendNextSquadron
D/Squadron( 1212): sendNextSquadron Return FALSE
D/Squadron( 1212): Shoot enemy :-1203427256
D/Squadron( 1212):  draw enemy adress :-1203427256
D/SpaceShip( 1212): FLAG1
D/Squadron( 1212): sendNextSquadron
D/Squadron( 1212): sendNextSquadron Return FALSE
D/Squadron( 1212): Shoot enemy :-1203427256
D/Squadron( 1212):  draw enemy adress :-1203427256
D/SpaceShip( 1212): FLAG1
D/Squadron( 1212): sendNextSquadron
D/Squadron( 1212): sendNextSquadron Return FALSE
D/Squadron( 1212): Shoot enemy :-1203427256
D/Squadron( 1212):  draw enemy adress :-1203427256
D/SpaceShip( 1212): FLAG1
D/Squadron( 1212): sendNextSquadron
D/Squadron( 1212): sendNextSquadron Return FALSE
D/Squadron( 1212): Shoot enemy :-1203427256
D/Squadron( 1212):  draw enemy adress :-1203427256
D/SpaceShip( 1212): FLAG1
D/Squadron( 1212): sendNextSquadron
D/Squadron( 1212): sendNextSquadron Return FALSE
D/Squadron( 1212): Shoot enemy :-1203427256
D/Squadron( 1212):  draw enemy adress :-1203427256
D/SpaceShip( 1212): FLAG1
D/Squadron( 1212): sendNextSquadron
D/Squadron( 1212): sendNextSquadron Return FALSE
D/Squadron( 1212): Shoot enemy :-1203427256
D/Squadron( 1212):  draw enemy adress :-1203427256
D/SpaceShip( 1212): FLAG1
